Component: ARM Compiler 5.06 update 7 (build 960) Tool: armlink [4d3601]

==============================================================================

Section Cross References

    main.o(i.HWIO) refers to stm32f10x_rcc.o(i.RCC_APB2PeriphClockCmd) for RCC_APB2PeriphClockCmd
    main.o(i.HWIO) refers to stm32f10x_gpio.o(i.GPIO_Init) for GPIO_Init
    main.o(i.NV) refers to misc.o(i.NVIC_Init) for NVIC_Init
    main.o(i.TIM1_CC_IRQHandler) refers to stm32f10x_tim.o(i.TIM_GetITStatus) for TIM_GetITStatus
    main.o(i.TIM1_CC_IRQHandler) refers to stm32f10x_tim.o(i.TIM_GetCapture1) for TIM_GetCapture1
    main.o(i.TIM1_CC_IRQHandler) refers to stm32f10x_tim.o(i.TIM_ClearITPendingBit) for TIM_ClearITPendingBit
    main.o(i.TIM1_CC_IRQHandler) refers to main.o(.data) for lastCapture
    main.o(i.Time) refers to stm32f10x_rcc.o(i.RCC_APB2PeriphClockCmd) for RCC_APB2PeriphClockCmd
    main.o(i.Time) refers to stm32f10x_tim.o(i.TIM_TimeBaseInit) for TIM_TimeBaseInit
    main.o(i.Time) refers to stm32f10x_tim.o(i.TIM_ICInit) for TIM_ICInit
    main.o(i.Time) refers to stm32f10x_tim.o(i.TIM_ClearFlag) for TIM_ClearFlag
    main.o(i.Time) refers to stm32f10x_tim.o(i.TIM_ITConfig) for TIM_ITConfig
    main.o(i.Time) refers to stm32f10x_tim.o(i.TIM_Cmd) for TIM_Cmd
    main.o(i.i2c_write_bytes) refers to si2c.o(i.My_SI2C_SendBytes) for My_SI2C_SendBytes
    main.o(i.i2c_write_bytes) refers to main.o(.bss) for si2c
    main.o(i.main) refers to main.o(i.siic_init) for siic_init
    main.o(i.main) refers to main.o(i.my_oled_Init) for my_oled_Init
    main.o(i.main) refers to main.o(i.HWIO) for HWIO
    main.o(i.main) refers to main.o(i.Time) for Time
    main.o(i.main) refers to main.o(i.NV) for NV
    main.o(i.main) refers to oled.o(i.OLED_SetCursor) for OLED_SetCursor
    main.o(i.main) refers to oled.o(i.OLED_Printf) for OLED_Printf
    main.o(i.main) refers to oled.o(i.OLED_SendBuffer) for OLED_SendBuffer
    main.o(i.main) refers to delay.o(i.Delay) for Delay
    main.o(i.main) refers to oled.o(i.OLED_Clear) for OLED_Clear
    main.o(i.main) refers to main.o(.bss) for oled
    main.o(i.main) refers to main.o(.data) for last
    main.o(i.my_oled_Init) refers to oled.o(i.OLED_Init) for OLED_Init
    main.o(i.my_oled_Init) refers to oled.o(i.OLED_SetPen) for OLED_SetPen
    main.o(i.my_oled_Init) refers to oled.o(i.OLED_SetBrush) for OLED_SetBrush
    main.o(i.my_oled_Init) refers to main.o(i.i2c_write_bytes) for i2c_write_bytes
    main.o(i.my_oled_Init) refers to main.o(.bss) for oled
    main.o(i.siic_init) refers to si2c.o(i.My_SI2C_Init) for My_SI2C_Init
    main.o(i.siic_init) refers to main.o(.bss) for si2c
    system_stm32f10x.o(i.SetSysClock) refers to system_stm32f10x.o(i.SetSysClockTo72) for SetSysClockTo72
    system_stm32f10x.o(i.SystemCoreClockUpdate) refers to system_stm32f10x.o(.data) for SystemCoreClock
    system_stm32f10x.o(i.SystemInit) refers to system_stm32f10x.o(i.SetSysClock) for SetSysClock
    stm32f10x_it.o(i.SysTick_Handler) refers to delay.o(.data) for ulTicks
    startup_stm32f10x_md.o(RESET) refers to startup_stm32f10x_md.o(STACK) for __initial_sp
    startup_stm32f10x_md.o(RESET) refers to startup_stm32f10x_md.o(.text) for Reset_Handler
    startup_stm32f10x_md.o(RESET) refers to stm32f10x_it.o(i.NMI_Handler) for NMI_Handler
    startup_stm32f10x_md.o(RESET) refers to stm32f10x_it.o(i.HardFault_Handler) for HardFault_Handler
    startup_stm32f10x_md.o(RESET) refers to stm32f10x_it.o(i.MemManage_Handler) for MemManage_Handler
    startup_stm32f10x_md.o(RESET) refers to stm32f10x_it.o(i.BusFault_Handler) for BusFault_Handler
    startup_stm32f10x_md.o(RESET) refers to stm32f10x_it.o(i.UsageFault_Handler) for UsageFault_Handler
    startup_stm32f10x_md.o(RESET) refers to stm32f10x_it.o(i.SVC_Handler) for SVC_Handler
    startup_stm32f10x_md.o(RESET) refers to stm32f10x_it.o(i.DebugMon_Handler) for DebugMon_Handler
    startup_stm32f10x_md.o(RESET) refers to stm32f10x_it.o(i.PendSV_Handler) for PendSV_Handler
    startup_stm32f10x_md.o(RESET) refers to stm32f10x_it.o(i.SysTick_Handler) for SysTick_Handler
    startup_stm32f10x_md.o(RESET) refers to main.o(i.TIM1_CC_IRQHandler) for TIM1_CC_IRQHandler
    startup_stm32f10x_md.o(.text) refers to system_stm32f10x.o(i.SystemInit) for SystemInit
    startup_stm32f10x_md.o(.text) refers to entry.o(.ARM.Collect$$$$00000000) for __main
    stm32f10x_adc.o(i.ADC_DeInit) refers to stm32f10x_rcc.o(i.RCC_APB2PeriphResetCmd) for RCC_APB2PeriphResetCmd
    stm32f10x_bkp.o(i.BKP_DeInit) refers to stm32f10x_rcc.o(i.RCC_BackupResetCmd) for RCC_BackupResetCmd
    stm32f10x_can.o(i.CAN_DeInit) refers to stm32f10x_rcc.o(i.RCC_APB1PeriphResetCmd) for RCC_APB1PeriphResetCmd
    stm32f10x_can.o(i.CAN_GetITStatus) refers to stm32f10x_can.o(i.CheckITStatus) for CheckITStatus
    stm32f10x_cec.o(i.CEC_DeInit) refers to stm32f10x_rcc.o(i.RCC_APB1PeriphResetCmd) for RCC_APB1PeriphResetCmd
[...]
    Removing stm32f10x_gpio.o(i.GPIO_EventOutputConfig), (32 bytes).
    Removing stm32f10x_gpio.o(i.GPIO_PinLockConfig), (18 bytes).
    Removing stm32f10x_gpio.o(i.GPIO_PinRemapConfig), (144 bytes).
    Removing stm32f10x_gpio.o(i.GPIO_ReadInputData), (8 bytes).
    Removing stm32f10x_gpio.o(i.GPIO_ReadOutputData), (8 bytes).
    Removing stm32f10x_gpio.o(i.GPIO_ReadOutputDataBit), (18 bytes).
    Removing stm32f10x_gpio.o(i.GPIO_ResetBits), (4 bytes).
    Removing stm32f10x_gpio.o(i.GPIO_SetBits), (4 bytes).
    Removing stm32f10x_gpio.o(i.GPIO_StructInit), (16 bytes).
    Removing stm32f10x_gpio.o(i.GPIO_Write), (4 bytes).
    Removing stm32f10x_i2c.o(.rev16_text), (4 bytes).
    Removing stm32f10x_i2c.o(.revsh_text), (4 bytes).
    Removing stm32f10x_i2c.o(.rrx_text), (6 bytes).
    Removing stm32f10x_i2c.o(i.I2C_ARPCmd), (24 bytes).
    Removing stm32f10x_i2c.o(i.I2C_AcknowledgeConfig), (24 bytes).
    Removing stm32f10x_i2c.o(i.I2C_CalculatePEC), (24 bytes).
    Removing stm32f10x_i2c.o(i.I2C_CheckEvent), (42 bytes).
    Removing stm32f10x_i2c.o(i.I2C_ClearFlag), (12 bytes).
    Removing stm32f10x_i2c.o(i.I2C_ClearITPendingBit), (12 bytes).
    Removing stm32f10x_i2c.o(i.I2C_Cmd), (24 bytes).
    Removing stm32f10x_i2c.o(i.I2C_DMACmd), (24 bytes).
    Removing stm32f10x_i2c.o(i.I2C_DMALastTransferCmd), (24 bytes).
    Removing stm32f10x_i2c.o(i.I2C_DeInit), (56 bytes).
    Removing stm32f10x_i2c.o(i.I2C_DualAddressCmd), (24 bytes).
    Removing stm32f10x_i2c.o(i.I2C_FastModeDutyCycleConfig), (28 bytes).
    Removing stm32f10x_i2c.o(i.I2C_GeneralCallCmd), (24 bytes).
    Removing stm32f10x_i2c.o(i.I2C_GenerateSTART), (24 bytes).
    Removing stm32f10x_i2c.o(i.I2C_GenerateSTOP), (24 bytes).
    Removing stm32f10x_i2c.o(i.I2C_GetFlagStatus), (58 bytes).
    Removing stm32f10x_i2c.o(i.I2C_GetITStatus), (38 bytes).
    Removing stm32f10x_i2c.o(i.I2C_GetLastEvent), (26 bytes).
    Removing stm32f10x_i2c.o(i.I2C_GetPEC), (8 bytes).
    Removing stm32f10x_i2c.o(i.I2C_ITConfig), (18 bytes).
    Removing stm32f10x_i2c.o(i.I2C_Init), (236 bytes).
    Removing stm32f10x_i2c.o(i.I2C_NACKPositionConfig), (28 bytes).
    Removing stm32f10x_i2c.o(i.I2C_OwnAddress2Config), (22 bytes).
    Removing stm32f10x_i2c.o(i.I2C_PECPositionConfig), (28 bytes).
    Removing stm32f10x_i2c.o(i.I2C_ReadRegister), (22 bytes).
    Removing stm32f10x_i2c.o(i.I2C_ReceiveData), (8 bytes).
    Removing stm32f10x_i2c.o(i.I2C_SMBusAlertConfig), (28 bytes).
    Removing stm32f10x_i2c.o(i.I2C_Send7bitAddress), (18 bytes).
    Removing stm32f10x_i2c.o(i.I2C_SendData), (4 bytes).
    Removing stm32f10x_i2c.o(i.I2C_SoftwareResetCmd), (22 bytes).
    Removing stm32f10x_i2c.o(i.I2C_StretchClockCmd), (24 bytes).
    Removing stm32f10x_i2c.o(i.I2C_StructInit), (30 bytes).
    Removing stm32f10x_i2c.o(i.I2C_TransmitPEC), (24 bytes).
    Removing stm32f10x_iwdg.o(.rev16_text), (4 bytes).
    Removing stm32f10x_iwdg.o(.revsh_text), (4 bytes).
    Removing stm32f10x_iwdg.o(.rrx_text), (6 bytes).
    Removing stm32f10x_iwdg.o(i.IWDG_Enable), (16 bytes).
    Removing stm32f10x_iwdg.o(i.IWDG_GetFlagStatus), (24 bytes).
    Removing stm32f10x_iwdg.o(i.IWDG_ReloadCounter), (16 bytes).
    Removing stm32f10x_iwdg.o(i.IWDG_SetPrescaler), (12 bytes).
    Removing stm32f10x_iwdg.o(i.IWDG_SetReload), (12 bytes).
    Removing stm32f10x_iwdg.o(i.IWDG_WriteAccessCmd), (12 bytes).
    Removing stm32f10x_pwr.o(.rev16_text), (4 bytes).
    Removing stm32f10x_pwr.o(.revsh_text), (4 bytes).
    Removing stm32f10x_pwr.o(.rrx_text), (6 bytes).
    Removing stm32f10x_pwr.o(i.PWR_BackupAccessCmd), (12 bytes).
    Removing stm32f10x_pwr.o(i.PWR_ClearFlag), (20 bytes).
    Removing stm32f10x_pwr.o(i.PWR_DeInit), (22 bytes).
    Removing stm32f10x_pwr.o(i.PWR_EnterSTANDBYMode), (40 bytes).
    Removing stm32f10x_pwr.o(i.PWR_EnterSTOPMode), (64 bytes).
    Removing stm32f10x_pwr.o(i.PWR_GetFlagStatus), (24 bytes).
    Removing stm32f10x_pwr.o(i.PWR_PVDCmd), (12 bytes).
    Removing stm32f10x_pwr.o(i.PWR_PVDLevelConfig), (24 bytes).
    Removing stm32f10x_pwr.o(i.PWR_WakeUpPinCmd), (12 bytes).
    Removing stm32f10x_rcc.o(.rev16_text), (4 bytes).
    Removing stm32f10x_rcc.o(.revsh_text), (4 bytes).
    Removing stm32f10x_rcc.o(.rrx_text), (6 bytes).
    Removing stm32f10x_rcc.o(i.RCC_ADCCLKConfig), (24 bytes).
    Removing stm32f10x_rcc.o(i.RCC_AHBPeriphClockCmd), (32 bytes).
    Removing stm32f10x_rcc.o(i.RCC_APB1PeriphClockCmd), (32 bytes).
    Removing stm32f10x_rcc.o(i.RCC_APB1PeriphResetCmd), (32 bytes).
    Removing stm32f10x_rcc.o(i.RCC_APB2PeriphResetCmd), (32 bytes).
    Removing stm32f10x_rcc.o(i.RCC_AdjustHSICalibrationValue), (24 bytes).
    Removing stm32f10x_rcc.o(i.RCC_BackupResetCmd), (12 bytes).
    Removing stm32f10x_rcc.o(i.RCC_ClearFlag), (20 bytes).
    Removing stm32f10x_rcc.o(i.RCC_ClearITPendingBit), (12 bytes).
    Removing stm32f10x_rcc.o(i.RCC_ClockSecuritySystemCmd), (12 bytes).
    Removing stm32f10x_rcc.o(i.RCC_DeInit), (76 bytes).
    Removing stm32f10x_rcc.o(i.RCC_GetFlagStatus), (60 bytes).
    Removing stm32f10x_rcc.o(i.RCC_GetITStatus), (24 bytes).
    Removing stm32f10x_rcc.o(i.RCC_GetSYSCLKSource), (16 bytes).
    Removing stm32f10x_rcc.o(i.RCC_HCLKConfig), (24 bytes).
    Removing stm32f10x_rcc.o(i.RCC_HSEConfig), (76 bytes).
    Removing stm32f10x_rcc.o(i.RCC_HSICmd), (12 bytes).
    Removing stm32f10x_rcc.o(i.RCC_ITConfig), (32 bytes).
    Removing stm32f10x_rcc.o(i.RCC_LSEConfig), (52 bytes).
    Removing stm32f10x_rcc.o(i.RCC_LSICmd), (12 bytes).
    Removing stm32f10x_rcc.o(i.RCC_MCOConfig), (12 bytes).
    Removing stm32f10x_rcc.o(i.RCC_PCLK1Config), (24 bytes).
    Removing stm32f10x_rcc.o(i.RCC_PCLK2Config), (24 bytes).
    Removing stm32f10x_rcc.o(i.RCC_PLLCmd), (12 bytes).
    Removing stm32f10x_rcc.o(i.RCC_PLLConfig), (28 bytes).
    Removing stm32f10x_rcc.o(i.RCC_RTCCLKCmd), (12 bytes).
    Removing stm32f10x_rcc.o(i.RCC_RTCCLKConfig), (16 bytes).
    Removing stm32f10x_rcc.o(i.RCC_SYSCLKConfig), (24 bytes).
    Removing stm32f10x_rcc.o(i.RCC_USBCLKConfig), (12 bytes).
    Removing stm32f10x_rcc.o(i.RCC_WaitForHSEStartUp), (56 bytes).
    Removing stm32f10x_rtc.o(.rev16_text), (4 bytes).
    Removing stm32f10x_rtc.o(.revsh_text), (4 bytes).
    Removing stm32f10x_rtc.o(.rrx_text), (6 bytes).
    Removing stm32f10x_rtc.o(i.RTC_ClearFlag), (16 bytes).
    Removing stm32f10x_rtc.o(i.RTC_ClearITPendingBit), (16 bytes).
    Removing stm32f10x_rtc.o(i.RTC_EnterConfigMode), (20 bytes).
    Removing stm32f10x_rtc.o(i.RTC_ExitConfigMode), (20 bytes).
    Removing stm32f10x_rtc.o(i.RTC_GetCounter), (44 bytes).
    Removing stm32f10x_rtc.o(i.RTC_GetDivider), (24 bytes).
    Removing stm32f10x_rtc.o(i.RTC_GetFlagStatus), (24 bytes).
    Removing stm32f10x_rtc.o(i.RTC_GetITStatus), (36 bytes).
    Removing stm32f10x_rtc.o(i.RTC_ITConfig), (32 bytes).
    Removing stm32f10x_rtc.o(i.RTC_SetAlarm), (28 bytes).
    Removing stm32f10x_rtc.o(i.RTC_SetCounter), (28 bytes).
    Removing stm32f10x_rtc.o(i.RTC_SetPrescaler), (32 bytes).
    Removing stm32f10x_rtc.o(i.RTC_WaitForLastTask), (20 bytes).
    Removing stm32f10x_rtc.o(i.RTC_WaitForSynchro), (36 bytes).
    Removing stm32f10x_sdio.o(.rev16_text), (4 bytes).
    Removing stm32f10x_sdio.o(.revsh_text), (4 bytes).
    Removing stm32f10x_sdio.o(.rrx_text), (6 bytes).
    Removing stm32f10x_sdio.o(i.SDIO_CEATAITCmd), (16 bytes).
    Removing stm32f10x_sdio.o(i.SDIO_ClearFlag), (12 bytes).
    Removing stm32f10x_sdio.o(i.SDIO_ClearITPendingBit), (12 bytes).
    Removing stm32f10x_sdio.o(i.SDIO_ClockCmd), (12 bytes).
    Removing stm32f10x_sdio.o(i.SDIO_CmdStructInit), (14 bytes).
    Removing stm32f10x_sdio.o(i.SDIO_CommandCompletionCmd), (12 bytes).
    Removing stm32f10x_sdio.o(i.SDIO_DMACmd), (12 bytes).
    Removing stm32f10x_sdio.o(i.SDIO_DataConfig), (48 bytes).
    Removing stm32f10x_sdio.o(i.SDIO_DataStructInit), (20 bytes).
    Removing stm32f10x_sdio.o(i.SDIO_DeInit), (36 bytes).
    Removing stm32f10x_sdio.o(i.SDIO_GetCommandResponse), (12 bytes).
    Removing stm32f10x_sdio.o(i.SDIO_GetDataCounter), (12 bytes).
    Removing stm32f10x_sdio.o(i.SDIO_GetFIFOCount), (12 bytes).
    Removing stm32f10x_sdio.o(i.SDIO_GetFlagStatus), (24 bytes).
    Removing stm32f10x_sdio.o(i.SDIO_GetITStatus), (24 bytes).
    Removing stm32f10x_sdio.o(i.SDIO_GetPowerState), (16 bytes).
    Removing stm32f10x_sdio.o(i.SDIO_GetResponse), (24 bytes).
    Removing stm32f10x_sdio.o(i.SDIO_ITConfig), (32 bytes).
    Removing stm32f10x_sdio.o(i.SDIO_Init), (48 bytes).
    Removing stm32f10x_sdio.o(i.SDIO_ReadData), (12 bytes).
    Removing stm32f10x_sdio.o(i.SDIO_SendCEATACmd), (12 bytes).
    Removing stm32f10x_sdio.o(i.SDIO_SendCommand), (44 bytes).
    Removing stm32f10x_sdio.o(i.SDIO_SendSDIOSuspendCmd), (12 bytes).
    Removing stm32f10x_sdio.o(i.SDIO_SetPowerState), (12 bytes).
    Removing stm32f10x_sdio.o(i.SDIO_SetSDIOOperation), (12 bytes).
    Removing stm32f10x_sdio.o(i.SDIO_SetSDIOReadWaitMode), (12 bytes).
    Removing stm32f10x_sdio.o(i.SDIO_StartSDIOReadWait), (12 bytes).
    Removing stm32f10x_sdio.o(i.SDIO_StopSDIOReadWait), (12 bytes).
    Removing stm32f10x_sdio.o(i.SDIO_StructInit), (16 bytes).
    Removing stm32f10x_sdio.o(i.SDIO_WriteData), (12 bytes).
    Removing stm32f10x_spi.o(.rev16_text), (4 bytes).
    Removing stm32f10x_spi.o(.revsh_text), (4 bytes).
    Removing stm32f10x_spi.o(.rrx_text), (6 bytes).
    Removing stm32f10x_spi.o(i.I2S_Cmd), (24 bytes).
    Removing stm32f10x_spi.o(i.I2S_Init), (232 bytes).
    Removing stm32f10x_spi.o(i.I2S_StructInit), (20 bytes).
    Removing stm32f10x_spi.o(i.SPI_BiDirectionalLineConfig), (28 bytes).
    Removing stm32f10x_spi.o(i.SPI_CalculateCRC), (24 bytes).
    Removing stm32f10x_spi.o(i.SPI_Cmd), (24 bytes).
    Removing stm32f10x_spi.o(i.SPI_DataSizeConfig), (18 bytes).
    Removing stm32f10x_spi.o(i.SPI_GetCRC), (16 bytes).
    Removing stm32f10x_spi.o(i.SPI_GetCRCPolynomial), (6 bytes).
    Removing stm32f10x_spi.o(i.SPI_I2S_ClearFlag), (6 bytes).
    Removing stm32f10x_spi.o(i.SPI_I2S_ClearITPendingBit), (20 bytes).
    Removing stm32f10x_spi.o(i.SPI_I2S_DMACmd), (18 bytes).
    Removing stm32f10x_spi.o(i.SPI_I2S_DeInit), (88 bytes).
    Removing stm32f10x_spi.o(i.SPI_I2S_GetFlagStatus), (18 bytes).
    Removing stm32f10x_spi.o(i.SPI_I2S_GetITStatus), (52 bytes).
    Removing stm32f10x_spi.o(i.SPI_I2S_ITConfig), (32 bytes).
    Removing stm32f10x_spi.o(i.SPI_I2S_ReceiveData), (6 bytes).
    Removing stm32f10x_spi.o(i.SPI_I2S_SendData), (4 bytes).
    Removing stm32f10x_spi.o(i.SPI_Init), (60 bytes).
    Removing stm32f10x_spi.o(i.SPI_NSSInternalSoftwareConfig), (30 bytes).
    Removing stm32f10x_spi.o(i.SPI_SSOutputCmd), (24 bytes).
    Removing stm32f10x_spi.o(i.SPI_StructInit), (24 bytes).
    Removing stm32f10x_spi.o(i.SPI_TransmitCRC), (10 bytes).
    Removing stm32f10x_tim.o(.rev16_text), (4 bytes).
    Removing stm32f10x_tim.o(.revsh_text), (4 bytes).
    Removing stm32f10x_tim.o(.rrx_text), (6 bytes).
    Removing stm32f10x_tim.o(i.TIM_ARRPreloadConfig), (24 bytes).
    Removing stm32f10x_tim.o(i.TIM_BDTRConfig), (32 bytes).
    Removing stm32f10x_tim.o(i.TIM_BDTRStructInit), (18 bytes).
    Removing stm32f10x_tim.o(i.TIM_CCPreloadControl), (24 bytes).
    Removing stm32f10x_tim.o(i.TIM_CCxCmd), (30 bytes).
    Removing stm32f10x_tim.o(i.TIM_CCxNCmd), (30 bytes).
    Removing stm32f10x_tim.o(i.TIM_ClearOC1Ref), (18 bytes).
    Removing stm32f10x_tim.o(i.TIM_ClearOC2Ref), (24 bytes).
    Removing stm32f10x_tim.o(i.TIM_ClearOC3Ref), (18 bytes).
    Removing stm32f10x_tim.o(i.TIM_ClearOC4Ref), (24 bytes).
    Removing stm32f10x_tim.o(i.TIM_CounterModeConfig), (18 bytes).
    Removing stm32f10x_tim.o(i.TIM_CtrlPWMOutputs), (30 bytes).
    Removing stm32f10x_tim.o(i.TIM_DMACmd), (18 bytes).
    Removing stm32f10x_tim.o(i.TIM_DMAConfig), (10 bytes).
    Removing stm32f10x_tim.o(i.TIM_DeInit), (488 bytes).
    Removing stm32f10x_tim.o(i.TIM_ETRClockMode1Config), (54 bytes).
    Removing stm32f10x_tim.o(i.TIM_ETRClockMode2Config), (32 bytes).
    Removing stm32f10x_tim.o(i.TIM_ETRConfig), (28 bytes).
    Removing stm32f10x_tim.o(i.TIM_EncoderInterfaceConfig), (66 bytes).
    Removing stm32f10x_tim.o(i.TIM_ForcedOC1Config), (18 bytes).
    Removing stm32f10x_tim.o(i.TIM_ForcedOC2Config), (26 bytes).
    Removing stm32f10x_tim.o(i.TIM_ForcedOC3Config), (18 bytes).
    Removing stm32f10x_tim.o(i.TIM_ForcedOC4Config), (26 bytes).
    Removing stm32f10x_tim.o(i.TIM_GenerateEvent), (4 bytes).
    Removing stm32f10x_tim.o(i.TIM_GetCapture2), (6 bytes).
    Removing stm32f10x_tim.o(i.TIM_GetCapture3), (6 bytes).
    Removing stm32f10x_tim.o(i.TIM_GetCapture4), (8 bytes).
    Removing stm32f10x_tim.o(i.TIM_GetCounter), (6 bytes).
    Removing stm32f10x_tim.o(i.TIM_GetFlagStatus), (18 bytes).
    Removing stm32f10x_tim.o(i.TIM_GetPrescaler), (6 bytes).
    Removing stm32f10x_tim.o(i.TIM_ICStructInit), (18 bytes).
    Removing stm32f10x_tim.o(i.TIM_ITRxExternalClockConfig), (24 bytes).
    Removing stm32f10x_tim.o(i.TIM_InternalClockConfig), (12 bytes).
    Removing stm32f10x_tim.o(i.TIM_OC1FastConfig), (18 bytes).
    Removing stm32f10x_tim.o(i.TIM_OC1Init), (152 bytes).
    Removing stm32f10x_tim.o(i.TIM_OC1NPolarityConfig), (18 bytes).
    Removing stm32f10x_tim.o(i.TIM_OC1PolarityConfig), (18 bytes).
    Removing stm32f10x_tim.o(i.TIM_OC1PreloadConfig), (18 bytes).
    Removing stm32f10x_tim.o(i.TIM_OC2FastConfig), (26 bytes).
    Removing stm32f10x_tim.o(i.TIM_OC2Init), (164 bytes).
    Removing stm32f10x_tim.o(i.TIM_OC2NPolarityConfig), (26 bytes).
    Removing stm32f10x_tim.o(i.TIM_OC2PolarityConfig), (26 bytes).
    Removing stm32f10x_tim.o(i.TIM_OC2PreloadConfig), (26 bytes).
    Removing stm32f10x_tim.o(i.TIM_OC3FastConfig), (18 bytes).
    Removing stm32f10x_tim.o(i.TIM_OC3Init), (160 bytes).
    Removing stm32f10x_tim.o(i.TIM_OC3NPolarityConfig), (26 bytes).
    Removing stm32f10x_tim.o(i.TIM_OC3PolarityConfig), (26 bytes).
    Removing stm32f10x_tim.o(i.TIM_OC3PreloadConfig), (18 bytes).
    Removing stm32f10x_tim.o(i.TIM_OC4FastConfig), (26 bytes).
    Removing stm32f10x_tim.o(i.TIM_OC4Init), (124 bytes).
    Removing stm32f10x_tim.o(i.TIM_OC4PolarityConfig), (26 bytes).
    Removing stm32f10x_tim.o(i.TIM_OC4PreloadConfig), (26 bytes).
    Removing stm32f10x_tim.o(i.TIM_OCStructInit), (20 bytes).
    Removing stm32f10x_tim.o(i.TIM_PWMIConfig), (124 bytes).
    Removing stm32f10x_tim.o(i.TIM_PrescalerConfig), (6 bytes).
    Removing stm32f10x_tim.o(i.TIM_SelectCCDMA), (24 bytes).
    Removing stm32f10x_tim.o(i.TIM_SelectCOM), (24 bytes).
    Removing stm32f10x_tim.o(i.TIM_SelectHallSensor), (24 bytes).
    Removing stm32f10x_tim.o(i.TIM_SelectInputTrigger), (18 bytes).
    Removing stm32f10x_tim.o(i.TIM_SelectMasterSlaveMode), (18 bytes).
    Removing stm32f10x_tim.o(i.TIM_SelectOCxM), (82 bytes).
    Removing stm32f10x_tim.o(i.TIM_SelectOnePulseMode), (18 bytes).
    Removing stm32f10x_tim.o(i.TIM_SelectOutputTrigger), (18 bytes).
    Removing stm32f10x_tim.o(i.TIM_SelectSlaveMode), (18 bytes).
    Removing stm32f10x_tim.o(i.TIM_SetAutoreload), (4 bytes).
    Removing stm32f10x_tim.o(i.TIM_SetClockDivision), (18 bytes).
    Removing stm32f10x_tim.o(i.TIM_SetCompare1), (4 bytes).
    Removing stm32f10x_tim.o(i.TIM_SetCompare2), (4 bytes).
    Removing stm32f10x_tim.o(i.TIM_SetCompare3), (4 bytes).
    Removing stm32f10x_tim.o(i.TIM_SetCompare4), (6 bytes).
    Removing stm32f10x_tim.o(i.TIM_SetCounter), (4 bytes).
    Removing stm32f10x_tim.o(i.TIM_TIxExternalClockConfig), (62 bytes).
    Removing stm32f10x_tim.o(i.TIM_TimeBaseStructInit), (18 bytes).
    Removing stm32f10x_tim.o(i.TIM_UpdateDisableConfig), (24 bytes).
    Removing stm32f10x_tim.o(i.TIM_UpdateRequestConfig), (24 bytes).
    Removing stm32f10x_usart.o(.rev16_text), (4 bytes).
    Removing stm32f10x_usart.o(.revsh_text), (4 bytes).
    Removing stm32f10x_usart.o(.rrx_text), (6 bytes).
    Removing stm32f10x_usart.o(i.USART_ClearFlag), (18 bytes).
    Removing stm32f10x_usart.o(i.USART_ClearITPendingBit), (30 bytes).
    Removing stm32f10x_usart.o(i.USART_ClockInit), (34 bytes).
    Removing stm32f10x_usart.o(i.USART_ClockStructInit), (12 bytes).
    Removing stm32f10x_usart.o(i.USART_Cmd), (24 bytes).
    Removing stm32f10x_usart.o(i.USART_DMACmd), (18 bytes).
    Removing stm32f10x_usart.o(i.USART_DeInit), (156 bytes).
    Removing stm32f10x_usart.o(i.USART_GetFlagStatus), (26 bytes).
    Removing stm32f10x_usart.o(i.USART_GetITStatus), (84 bytes).
    Removing stm32f10x_usart.o(i.USART_HalfDuplexCmd), (24 bytes).
    Removing stm32f10x_usart.o(i.USART_ITConfig), (74 bytes).
    Removing stm32f10x_usart.o(i.USART_Init), (216 bytes).
    Removing stm32f10x_usart.o(i.USART_IrDACmd), (24 bytes).
    Removing stm32f10x_usart.o(i.USART_IrDAConfig), (18 bytes).
    Removing stm32f10x_usart.o(i.USART_LINBreakDetectLengthConfig), (18 bytes).
    Removing stm32f10x_usart.o(i.USART_LINCmd), (24 bytes).
    Removing stm32f10x_usart.o(i.USART_OneBitMethodCmd), (24 bytes).
    Removing stm32f10x_usart.o(i.USART_OverSampling8Cmd), (22 bytes).
    Removing stm32f10x_usart.o(i.USART_ReceiveData), (10 bytes).
    Removing stm32f10x_usart.o(i.USART_ReceiverWakeUpCmd), (24 bytes).
    Removing stm32f10x_usart.o(i.USART_SendBreak), (10 bytes).
    Removing stm32f10x_usart.o(i.USART_SendData), (8 bytes).
    Removing stm32f10x_usart.o(i.USART_SetAddress), (18 bytes).
    Removing stm32f10x_usart.o(i.USART_SetGuardTime), (16 bytes).
    Removing stm32f10x_usart.o(i.USART_SetPrescaler), (16 bytes).
    Removing stm32f10x_usart.o(i.USART_SmartCardCmd), (24 bytes).
    Removing stm32f10x_usart.o(i.USART_SmartCardNACKCmd), (24 bytes).
    Removing stm32f10x_usart.o(i.USART_StructInit), (24 bytes).
    Removing stm32f10x_usart.o(i.USART_WakeUpConfig), (18 bytes).
    Removing stm32f10x_wwdg.o(.rev16_text), (4 bytes).
    Removing stm32f10x_wwdg.o(.revsh_text), (4 bytes).
    Removing stm32f10x_wwdg.o(.rrx_text), (6 bytes).
    Removing stm32f10x_wwdg.o(i.WWDG_ClearFlag), (12 bytes).
    Removing stm32f10x_wwdg.o(i.WWDG_DeInit), (22 bytes).
    Removing stm32f10x_wwdg.o(i.WWDG_Enable), (16 bytes).
    Removing stm32f10x_wwdg.o(i.WWDG_EnableIT), (12 bytes).
    Removing stm32f10x_wwdg.o(i.WWDG_GetFlagStatus), (12 bytes).
    Removing stm32f10x_wwdg.o(i.WWDG_SetCounter), (16 bytes).
    Removing stm32f10x_wwdg.o(i.WWDG_SetPrescaler), (24 bytes).
    Removing stm32f10x_wwdg.o(i.WWDG_SetWindowValue), (40 bytes).
    Removing delay.o(.rev16_text), (4 bytes).
    Removing delay.o(.revsh_text), (4 bytes).
    Removing delay.o(.rrx_text), (6 bytes).
    Removing delay.o(i.GetTick), (20 bytes).
    Removing usart.o(.rev16_text), (4 bytes).
    Removing usart.o(.revsh_text), (4 bytes).
    Removing usart.o(.rrx_text), (6 bytes).
    Removing usart.o(i.My_USART_Printf), (42 bytes).
    Removing usart.o(i.My_USART_ReceiveByte), (28 bytes).
    Removing usart.o(i.My_USART_ReceiveBytes), (92 bytes).
    Removing usart.o(i.My_USART_ReceiveLine), (208 bytes).
    Removing usart.o(i.My_USART_SendByte), (16 bytes).
    Removing usart.o(i.My_USART_SendBytes), (68 bytes).
    Removing usart.o(i.My_USART_SendChar), (16 bytes).
    Removing usart.o(i.My_USART_SendString), (26 bytes).
    Removing i2c.o(.rev16_text), (4 bytes).
    Removing i2c.o(.revsh_text), (4 bytes).
    Removing i2c.o(.rrx_text), (6 bytes).
    Removing i2c.o(i.My_I2C_ReceiveBytes), (316 bytes).
    Removing i2c.o(i.My_I2C_SendBytes), (272 bytes).
    Removing si2c.o(.rev16_text), (4 bytes).
    Removing si2c.o(.revsh_text), (4 bytes).
    Removing si2c.o(.rrx_text), (6 bytes).
    Removing si2c.o(i.My_SI2C_ReceiveBytes), (120 bytes).
    Removing si2c.o(i.ReceiveByte), (136 bytes).
    Removing oled.o(.rev16_text), (4 bytes).
    Removing oled.o(.revsh_text), (4 bytes).
    Removing oled.o(.rrx_text), (6 bytes).
    Removing oled.o(i.DrawCircleFrame), (322 bytes).
    Removing oled.o(i.DrawRectFrame), (232 bytes).
    Removing oled.o(i.FillCircle), (162 bytes).
    Removing oled.o(i.GetGlyphWidth), (52 bytes).
    Removing oled.o(i.OLED_DrawBitmap), (36 bytes).
    Removing oled.o(i.OLED_DrawCircle), (52 bytes).
    Removing oled.o(i.OLED_DrawDot), (20 bytes).
    Removing oled.o(i.OLED_DrawLine), (448 bytes).
    Removing oled.o(i.OLED_DrawRect), (54 bytes).
    Removing oled.o(i.OLED_EndSendBuffer), (72 bytes).
    Removing oled.o(i.OLED_GetCursor), (10 bytes).
    Removing oled.o(i.OLED_GetCursorX), (8 bytes).
    Removing oled.o(i.OLED_GetCursorY), (8 bytes).
    Removing oled.o(i.OLED_GetFontHeight), (8 bytes).
    Removing oled.o(i.OLED_GetScreenHeight), (6 bytes).
    Removing oled.o(i.OLED_GetScreenWidth), (6 bytes).
    Removing oled.o(i.OLED_GetStrWidth), (340 bytes).
    Removing oled.o(i.OLED_LineTo), (24 bytes).
    Removing oled.o(i.OLED_MoveCursor), (18 bytes).
    Removing oled.o(i.OLED_MoveCursorX), (10 bytes).
    Removing oled.o(i.OLED_MoveCursorY), (10 bytes).
    Removing oled.o(i.OLED_SetCursorX), (4 bytes).
    Removing oled.o(i.OLED_SetCursorY), (4 bytes).
    Removing oled.o(i.OLED_SetFont), (4 bytes).
    Removing oled.o(i.OLED_StartClipRegion), (14 bytes).
    Removing oled.o(i.OLED_StartSendBuffer), (100 bytes).
    Removing oled.o(i.OLED_StartTextRegion), (32 bytes).
    Removing oled.o(i.OLED_StopClipRegion), (12 bytes).
    Removing oled.o(i.OLED_StopTextRegion), (12 bytes).
    Removing button.o(.rev16_text), (4 bytes).
    Removing button.o(.revsh_text), (4 bytes).
    Removing button.o(.rrx_text), (6 bytes).
    Removing button.o(i.GPIOClockCmd), (96 bytes).
    Removing button.o(i.MyButton_GetState), (8 bytes).
    Removing button.o(i.My_Button_Init), (118 bytes).
    Removing button.o(i.My_Button_Proc), (128 bytes).
    Removing button.o(i.OnButtonEveryPolled), (160 bytes).
    Removing button.o(i.OnButtonPressed), (20 bytes).
    Removing button.o(i.OnButtonReleased), (56 bytes).
    Removing spi.o(.rev16_text), (4 bytes).
    Removing spi.o(.revsh_text), (4 bytes).
    Removing spi.o(.rrx_text), (6 bytes).
    Removing spi.o(i.My_SPI_MasterTransmitReceive), (132 bytes).
    Removing dflti.o(.text), (34 bytes).
    Removing dfixi.o(.text), (62 bytes).
    Removing drnd.o(.text), (136 bytes).
    Removing cdcmple.o(.text), (48 bytes).

605 unused section(s) (total 22500 bytes) removed from the image.

==============================================================================

Image Symbol Table

    Local Symbols

    Symbol Name                              Value     Ov Type        Size  Object(Section)

    ../clib/microlib/division.c              0x00000000   Number         0  uldiv.o ABSOLUTE
    ../clib/microlib/division.c              0x00000000   Number         0  uidiv.o ABSOLUTE
    ../clib/microlib/init/entry.s            0x00000000   Number         0  entry8b.o ABSOLUTE
    ../clib/microlib/init/entry.s            0x00000000   Number         0  entry7a.o ABSOLUTE
    ../clib/microlib/init/entry.s            0x00000000   Number         0  entry8a.o ABSOLUTE
    ../clib/microlib/init/entry.s            0x00000000   Number         0  entry10a.o ABSOLUTE
    ../clib/microlib/init/entry.s            0x00000000   Number         0  entry7b.o ABSOLUTE
    ../clib/microlib/init/entry.s            0x00000000   Number         0  entry9a.o ABSOLUTE
    ../clib/microlib/init/entry.s            0x00000000   Number         0  entry9b.o ABSOLUTE
    ../clib/microlib/init/entry.s            0x00000000   Number         0  entry12b.o ABSOLUTE
    ../clib/microlib/init/entry.s            0x00000000   Number         0  entry12a.o ABSOLUTE
    ../clib/microlib/init/entry.s            0x00000000   Number         0  entry11b.o ABSOLUTE
    ../clib/microlib/init/entry.s            0x00000000   Number         0  entry11a.o ABSOLUTE
    ../clib/microlib/init/entry.s            0x00000000   Number         0  entry10b.o ABSOLUTE
    ../clib/microlib/init/entry.s            0x00000000   Number         0  entry5.o ABSOLUTE
    ../clib/microlib/init/entry.s            0x00000000   Number         0  entry2.o ABSOLUTE
    ../clib/microlib/init/entry.s            0x00000000   Number         0  entry.o ABSOLUTE
    ../clib/microlib/longlong.c              0x00000000   Number         0  llsshr.o ABSOLUTE
    ../clib/microlib/longlong.c              0x00000000   Number         0  llushr.o ABSOLUTE
    ../clib/microlib/longlong.c              0x00000000   Number         0  llshl.o ABSOLUTE
    ../clib/microlib/malloc/malloc.c         0x00000000   Number         0  malloc.o ABSOLUTE
    ../clib/microlib/malloc/malloc.c         0x00000000   Number         0  mallocr.o ABSOLUTE
    ../clib/microlib/malloc/malloc.c         0x00000000   Number         0  malloca.o ABSOLUTE
    ../clib/microlib/malloc/malloc.c         0x00000000   Number         0  mallocra.o ABSOLUTE
    ../clib/microlib/malloc/mvars.c          0x00000000   Number         0  mvars.o ABSOLUTE
    ../clib/microlib/printf/printf.c         0x00000000   Number         0  printfa.o ABSOLUTE
    ../clib/microlib/stdio/fputc.c           0x00000000   Number         0  fputc.o ABSOLUTE
    ../clib/microlib/stdio/semi.s            0x00000000   Number         0  semi.o ABSOLUTE
    ../clib/microlib/stdio/streams.c         0x00000000   Number         0  stdout.o ABSOLUTE
    ../clib/microlib/string/memcpy.c         0x00000000   Number         0  memcpyb.o ABSOLUTE
    ../clib/microlib/string/memcpy.c         0x00000000   Number         0  memcpya.o ABSOLUTE
    ../clib/microlib/string/memset.c         0x00000000   Number         0  memseta.o ABSOLUTE
    ../clib/microlib/string/strlen.c         0x00000000   Number         0  strlen.o ABSOLUTE
    ../clib/microlib/stubs.s                 0x00000000   Number         0  iusefp.o ABSOLUTE
    ../clib/microlib/stubs.s                 0x00000000   Number         0  iusesemip.o ABSOLUTE
    ../fplib/microlib/fpadd.c                0x00000000   Number         0  dadd.o ABSOLUTE
    ../fplib/microlib/fpdiv.c                0x00000000   Number         0  ddiv.o ABSOLUTE
    ../fplib/microlib/fpepilogue.c           0x00000000   Number         0  depilogue.o ABSOLUTE
    ../fplib/microlib/fpfix.c                0x00000000   Number         0  dfixul.o ABSOLUTE
    ../fplib/microlib/fpfix.c                0x00000000   Number         0  dfixi.o ABSOLUTE
    ../fplib/microlib/fpfix.c                0x00000000   Number         0  dfixui.o ABSOLUTE
    ../fplib/microlib/fpflt.c                0x00000000   Number         0  dfltui.o ABSOLUTE
    ../fplib/microlib/fpflt.c                0x00000000   Number         0  dflti.o ABSOLUTE
    ../fplib/microlib/fpmul.c                0x00000000   Number         0  dmul.o ABSOLUTE
    ../fplib/microlib/fprnd.c                0x00000000   Number         0  drnd.o ABSOLUTE
    ../mathlib/ceil.c                        0x00000000   Number         0  ceil.o ABSOLUTE
    ../mathlib/round.c                       0x00000000   Number         0  round.o ABSOLUTE
    cdcmple.s                                0x00000000   Number         0  cdcmple.o ABSOLUTE
    cdrcmple.s                               0x00000000   Number         0  cdrcmple.o ABSOLUTE
    dc.s                                     0x00000000   Number         0  dc.o ABSOLUTE
    handlers.s                               0x00000000   Number         0  handlers.o ABSOLUTE
    init.s                                   0x00000000   Number         0  init.o ABSOLUTE
    my_lib\\button.c                         0x00000000   Number         0  button.o ABSOLUTE
    my_lib\\delay.c                          0x00000000   Number         0  delay.o ABSOLUTE
    my_lib\\i2c.c                            0x00000000   Number         0  i2c.o ABSOLUTE
    my_lib\\oled.c                           0x00000000   Number         0  oled.o ABSOLUTE
    my_lib\\si2c.c                           0x00000000   Number         0  si2c.o ABSOLUTE
    my_lib\\spi.c                            0x00000000   Number         0  spi.o ABSOLUTE
    my_lib\\usart.c                          0x00000000   Number         0  usart.o ABSOLUTE
    my_lib\button.c                          0x00000000   Number         0  button.o ABSOLUTE
    my_lib\delay.c                           0x00000000   Number         0  delay.o ABSOLUTE
    my_lib\i2c.c                             0x00000000   Number         0  i2c.o ABSOLUTE
    my_lib\oled.c                            0x00000000   Number         0  oled.o ABSOLUTE
    my_lib\si2c.c                            0x00000000   Number         0  si2c.o ABSOLUTE
    my_lib\spi.c                             0x00000000   Number         0  spi.o ABSOLUTE
    my_lib\usart.c                           0x00000000   Number         0  usart.o ABSOLUTE
    startup\startup_stm32f10x_md.s           0x00000000   Number         0  startup_stm32f10x_md.o ABSOLUTE
    std_periph_driver\\src\\misc.c           0x00000000   Number         0  misc.o ABSOLUTE
    std_periph_driver\\src\\stm32f10x_adc.c  0x00000000   Number         0  stm32f10x_adc.o ABSOLUTE
    std_periph_driver\\src\\stm32f10x_bkp.c  0x00000000   Number         0  stm32f10x_bkp.o ABSOLUTE
    std_periph_driver\\src\\stm32f10x_can.c  0x00000000   Number         0  stm32f10x_can.o ABSOLUTE
    std_periph_driver\\src\\stm32f10x_cec.c  0x00000000   Number         0  stm32f10x_cec.o ABSOLUTE
    std_periph_driver\\src\\stm32f10x_crc.c  0x00000000   Number         0  stm32f10x_crc.o ABSOLUTE
    std_periph_driver\\src\\stm32f10x_dac.c  0x00000000   Number         0  stm32f10x_dac.o ABSOLUTE
    std_periph_driver\\src\\stm32f10x_dbgmcu.c 0x00000000   Number         0  stm32f10x_dbgmcu.o ABSOLUTE
    std_periph_driver\\src\\stm32f10x_dma.c  0x00000000   Number         0  stm32f10x_dma.o ABSOLUTE
    std_periph_driver\\src\\stm32f10x_exti.c 0x00000000   Number         0  stm32f10x_exti.o ABSOLUTE
    std_periph_driver\\src\\stm32f10x_flash.c 0x00000000   Number         0  stm32f10x_flash.o ABSOLUTE
    std_periph_driver\\src\\stm32f10x_fsmc.c 0x00000000   Number         0  stm32f10x_fsmc.o ABSOLUTE
    std_periph_driver\\src\\stm32f10x_gpio.c 0x00000000   Number         0  stm32f10x_gpio.o ABSOLUTE
    std_periph_driver\\src\\stm32f10x_i2c.c  0x00000000   Number         0  stm32f10x_i2c.o ABSOLUTE
    std_periph_driver\\src\\stm32f10x_iwdg.c 0x00000000   Number         0  stm32f10x_iwdg.o ABSOLUTE
    std_periph_driver\\src\\stm32f10x_pwr.c  0x00000000   Number         0  stm32f10x_pwr.o ABSOLUTE
    std_periph_driver\\src\\stm32f10x_rcc.c  0x00000000   Number         0  stm32f10x_rcc.o ABSOLUTE
    std_periph_driver\\src\\stm32f10x_rtc.c  0x00000000   Number         0  stm32f10x_rtc.o ABSOLUTE
    std_periph_driver\\src\\stm32f10x_sdio.c 0x00000000   Number         0  stm32f10x_sdio.o ABSOLUTE
    std_periph_driver\\src\\stm32f10x_spi.c  0x00000000   Number         0  stm32f10x_spi.o ABSOLUTE
    std_periph_driver\\src\\stm32f10x_tim.c  0x00000000   Number         0  stm32f10x_tim.o ABSOLUTE
    std_periph_driver\\src\\stm32f10x_usart.c 0x00000000   Number         0  stm32f10x_usart.o ABSOLUTE
    std_periph_driver\\src\\stm32f10x_wwdg.c 0x00000000   Number         0  stm32f10x_wwdg.o ABSOLUTE
    std_periph_driver\src\misc.c             0x00000000   Number         0  misc.o ABSOLUTE
    std_periph_driver\src\stm32f10x_adc.c    0x00000000   Number         0  stm32f10x_adc.o ABSOLUTE
    std_periph_driver\src\stm32f10x_bkp.c    0x00000000   Number         0  stm32f10x_bkp.o ABSOLUTE
    std_periph_driver\src\stm32f10x_can.c    0x00000000   Number         0  stm32f10x_can.o ABSOLUTE
    std_periph_driver\src\stm32f10x_cec.c    0x00000000   Number         0  stm32f10x_cec.o ABSOLUTE
    std_periph_driver\src\stm32f10x_crc.c    0x00000000   Number         0  stm32f10x_crc.o ABSOLUTE
    std_periph_driver\src\stm32f10x_dac.c    0x00000000   Number         0  stm32f10x_dac.o ABSOLUTE
    std_periph_driver\src\stm32f10x_dbgmcu.c 0x00000000   Number         0  stm32f10x_dbgmcu.o ABSOLUTE
    std_periph_driver\src\stm32f10x_dma.c    0x00000000   Number         0  stm32f10x_dma.o ABSOLUTE
    std_periph_driver\src\stm32f10x_exti.c   0x00000000   Number         0  stm32f10x_exti.o ABSOLUTE
    std_periph_driver\src\stm32f10x_flash.c  0x00000000   Number         0  stm32f10x_flash.o ABSOLUTE
    std_periph_driver\src\stm32f10x_fsmc.c   0x00000000   Number         0  stm32f10x_fsmc.o ABSOLUTE
    std_periph_driver\src\stm32f10x_gpio.c   0x00000000   Number         0  stm32f10x_gpio.o ABSOLUTE
    std_periph_driver\src\stm32f10x_i2c.c    0x00000000   Number         0  stm32f10x_i2c.o ABSOLUTE
    std_periph_driver\src\stm32f10x_iwdg.c   0x00000000   Number         0  stm32f10x_iwdg.o ABSOLUTE
    std_periph_driver\src\stm32f10x_pwr.c    0x00000000   Number         0  stm32f10x_pwr.o ABSOLUTE
    std_periph_driver\src\stm32f10x_rcc.c    0x00000000   Number         0  stm32f10x_rcc.o ABSOLUTE
    std_periph_driver\src\stm32f10x_rtc.c    0x00000000   Number         0  stm32f10x_rtc.o ABSOLUTE
    std_periph_driver\src\stm32f10x_sdio.c   0x00000000   Number         0  stm32f10x_sdio.o ABSOLUTE
    std_periph_driver\src\stm32f10x_spi.c    0x00000000   Number         0  stm32f10x_spi.o ABSOLUTE
    std_periph_driver\src\stm32f10x_tim.c    0x00000000   Number         0  stm32f10x_tim.o ABSOLUTE
    std_periph_driver\src\stm32f10x_usart.c  0x00000000   Number         0  stm32f10x_usart.o ABSOLUTE
    std_periph_driver\src\stm32f10x_wwdg.c   0x00000000   Number         0  stm32f10x_wwdg.o ABSOLUTE
    user\\main.c                             0x00000000   Number         0  main.o ABSOLUTE
    user\\stm32f10x_it.c                     0x00000000   Number         0  stm32f10x_it.o ABSOLUTE
    user\\system_stm32f10x.c                 0x00000000   Number         0  system_stm32f10x.o ABSOLUTE
    user\main.c                              0x00000000   Number         0  main.o ABSOLUTE
    user\stm32f10x_it.c                      0x00000000   Number         0  stm32f10x_it.o ABSOLUTE
    user\system_stm32f10x.c                  0x00000000   Number         0  system_stm32f10x.o ABSOLUTE
    RESET                                    0x08000000   Section      236  startup_stm32f10x_md.o(RESET)
    .ARM.Collect$$$$00000000                 0x080000ec   Section        0  entry.o(.ARM.Collect$$$$00000000)
    .ARM.Collect$$$$00000001                 0x080000ec   Section        4  entry2.o(.ARM.Collect$$$$00000001)
    .ARM.Collect$$$$00000004                 0x080000f0   Section        4  entry5.o(.ARM.Collect$$$$00000004)
    .ARM.Collect$$$$00000008                 0x080000f4   Section        0  entry7b.o(.ARM.Collect$$$$00000008)
    .ARM.Collect$$$$0000000A                 0x080000f4   Section        0  entry8b.o(.ARM.Collect$$$$0000000A)
    .ARM.Collect$$$$0000000B                 0x080000f4   Section        8  entry9a.o(.ARM.Collect$$$$0000000B)
    .ARM.Collect$$$$0000000E                 0x080000fc   Section        4  entry12b.o(.ARM.Collect$$$$0000000E)
    .ARM.Collect$$$$0000000F                 0x08000100   Section        0  entry10a.o(.ARM.Collect$$$$0000000F)
    .ARM.Collect$$$$00000011                 0x08000100   Section        0  entry11a.o(.ARM.Collect$$$$00000011)
    .ARM.Collect$$$$00002712                 0x08000100   Section        4  entry2.o(.ARM.Collect$$$$00002712)
    __lit__00000000                          0x08000100   Data           4  entry2.o(.ARM.Collect$$$$00002712)
    .text                                    0x08000104   Section       36  startup_stm32f10x_md.o(.text)
    .text                                    0x08000128   Section        0  memseta.o(.text)
    .text                                    0x0800014c   Section        0  dadd.o(.text)
    .text                                    0x0800029a   Section        0  dmul.o(.text)
    .text                                    0x0800037e   Section        0  ddiv.o(.text)
    .text                                    0x0800045c   Section        0  dfltui.o(.text)
    .text                                    0x08000476   Section        0  dfixui.o(.text)
    .text                                    0x080004a8   Section        0  uidiv.o(.text)
    .text                                    0x080004d4   Section        0  uldiv.o(.text)
    .text                                    0x08000536   Section        0  llshl.o(.text)
    .text                                    0x08000554   Section        0  llushr.o(.text)
    .text                                    0x08000574   Section        0  llsshr.o(.text)
    .text                                    0x08000598   Section        0  depilogue.o(.text)
    .text                                    0x08000598   Section        0  iusefp.o(.text)
    .text                                    0x08000652   Section        0  dfixul.o(.text)
    .text                                    0x08000684   Section       48  cdrcmple.o(.text)
    .text                                    0x080006b4   Section       36  init.o(.text)
    i.BrushDot                               0x080006d8   Section        0  oled.o(i.BrushDot)
    BrushDot                                 0x080006d9   Thumb Code   202  oled.o(i.BrushDot)
    i.BusFault_Handler                       0x080007a2   Section        0  stm32f10x_it.o(i.BusFault_Handler)
    i.DebugMon_Handler                       0x080007a6   Section        0  stm32f10x_it.o(i.DebugMon_Handler)
    i.Delay                                  0x080007a8   Section        0  delay.o(i.Delay)
    i.Delay_Init                             0x080007d0   Section        0  delay.o(i.Delay_Init)
    i.DrawBitmapEx                           0x08000878   Section        0  oled.o(i.DrawBitmapEx)
    DrawBitmapEx                             0x08000879   Thumb Code   180  oled.o(i.DrawBitmapEx)
    i.DrawCharator                           0x08000930   Section        0  oled.o(i.DrawCharator)
    DrawCharator                             0x08000931   Thumb Code   442  oled.o(i.DrawCharator)
    i.FillRect                               0x08000aea   Section        0  oled.o(i.FillRect)
    FillRect                                 0x08000aeb   Thumb Code    72  oled.o(i.FillRect)
    i.GPIO_Init                              0x08000b32   Section        0  stm32f10x_gpio.o(i.GPIO_Init)
    i.GPIO_ReadInputDataBit                  0x08000c48   Section        0  stm32f10x_gpio.o(i.GPIO_ReadInputDataBit)
    i.GPIO_WriteBit                          0x08000c5a   Section        0  stm32f10x_gpio.o(i.GPIO_WriteBit)
    i.GetOverlappedRect                      0x08000c64   Section        0  oled.o(i.GetOverlappedRect)
    GetOverlappedRect                        0x08000c65   Thumb Code   202  oled.o(i.GetOverlappedRect)
    i.HWIO                                   0x08000d30   Section        0  main.o(i.HWIO)
    i.HardFault_Handler                      0x08000d54   Section        0  stm32f10x_it.o(i.HardFault_Handler)
    i.MemManage_Handler                      0x08000d58   Section        0  stm32f10x_it.o(i.MemManage_Handler)
    i.My_SI2C_Init                           0x08000d5c   Section        0  si2c.o(i.My_SI2C_Init)
    i.My_SI2C_SendBytes                      0x08000e48   Section        0  si2c.o(i.My_SI2C_SendBytes)
    i.NMI_Handler                            0x08000ebe   Section        0  stm32f10x_it.o(i.NMI_Handler)
    i.NV                                     0x08000ec0   Section        0  main.o(i.NV)
    i.NVIC_Init                              0x08000ee0   Section        0  misc.o(i.NVIC_Init)
    i.OLED_Clear                             0x08000f50   Section        0  oled.o(i.OLED_Clear)
    i.OLED_DrawString                        0x08000f60   Section        0  oled.o(i.OLED_DrawString)
    i.OLED_Init                              0x08001090   Section        0  oled.o(i.OLED_Init)
    i.OLED_Printf                            0x0800125c   Section        0  oled.o(i.OLED_Printf)
    i.OLED_SendBuffer                        0x08001286   Section        0  oled.o(i.OLED_SendBuffer)
    i.OLED_SendCommand                       0x080012fc   Section        0  oled.o(i.OLED_SendCommand)
    OLED_SendCommand                         0x080012fd   Thumb Code    66  oled.o(i.OLED_SendCommand)
    i.OLED_SendData                          0x0800133e   Section        0  oled.o(i.OLED_SendData)
    OLED_SendData                            0x0800133f   Thumb Code    48  oled.o(i.OLED_SendData)
    i.OLED_SetBrush                          0x0800136e   Section        0  oled.o(i.OLED_SetBrush)
    i.OLED_SetCursor                         0x08001372   Section        0  oled.o(i.OLED_SetCursor)
    i.OLED_SetPen                            0x08001378   Section        0  oled.o(i.OLED_SetPen)
    i.PenDot                                 0x0800137e   Section        0  oled.o(i.PenDot)
    PenDot                                   0x0800137f   Thumb Code   160  oled.o(i.PenDot)
    i.PendSV_Handler                         0x0800141e   Section        0  stm32f10x_it.o(i.PendSV_Handler)
    i.RCC_APB2PeriphClockCmd                 0x08001420   Section        0  stm32f10x_rcc.o(i.RCC_APB2PeriphClockCmd)
    i.RCC_GetClocksFreq                      0x08001440   Section        0  stm32f10x_rcc.o(i.RCC_GetClocksFreq)
    i.SVC_Handler                            0x08001514   Section        0  stm32f10x_it.o(i.SVC_Handler)
    i.SendByte                               0x08001516   Section        0  si2c.o(i.SendByte)
    SendByte                                 0x08001517   Thumb Code   134  si2c.o(i.SendByte)
    i.SendStop                               0x0800159c   Section        0  si2c.o(i.SendStop)
    SendStop                                 0x0800159d   Thumb Code    70  si2c.o(i.SendStop)
    i.SetSysClock                            0x080015e2   Section        0  system_stm32f10x.o(i.SetSysClock)
    SetSysClock                              0x080015e3   Thumb Code     8  system_stm32f10x.o(i.SetSysClock)
    i.SetSysClockTo72                        0x080015ec   Section        0  system_stm32f10x.o(i.SetSysClockTo72)
    SetSysClockTo72                          0x080015ed   Thumb Code   214  system_stm32f10x.o(i.SetSysClockTo72)
    i.SysTick_Handler                        0x080016cc   Section        0  stm32f10x_it.o(i.SysTick_Handler)
    i.SystemInit                             0x080016e4   Section        0  system_stm32f10x.o(i.SystemInit)
    i.TI1_Config                             0x08001744   Section        0  stm32f10x_tim.o(i.TI1_Config)
    TI1_Config                               0x08001745   Thumb Code   108  stm32f10x_tim.o(i.TI1_Config)
    i.TI2_Config                             0x080017c4   Section        0  stm32f10x_tim.o(i.TI2_Config)
    TI2_Config                               0x080017c5   Thumb Code   130  stm32f10x_tim.o(i.TI2_Config)
    i.TI3_Config                             0x0800185c   Section        0  stm32f10x_tim.o(i.TI3_Config)
    TI3_Config                               0x0800185d   Thumb Code   122  stm32f10x_tim.o(i.TI3_Config)
    i.TI4_Config                             0x080018ec   Section        0  stm32f10x_tim.o(i.TI4_Config)
    TI4_Config                               0x080018ed   Thumb Code   130  stm32f10x_tim.o(i.TI4_Config)
    i.TIM1_CC_IRQHandler                     0x08001984   Section        0  main.o(i.TIM1_CC_IRQHandler)
    i.TIM_ClearFlag                          0x08001a70   Section        0  stm32f10x_tim.o(i.TIM_ClearFlag)
    i.TIM_ClearITPendingBit                  0x08001a76   Section        0  stm32f10x_tim.o(i.TIM_ClearITPendingBit)
    i.TIM_Cmd                                0x08001a7c   Section        0  stm32f10x_tim.o(i.TIM_Cmd)
    i.TIM_GetCapture1                        0x08001a94   Section        0  stm32f10x_tim.o(i.TIM_GetCapture1)
    i.TIM_GetITStatus                        0x08001a9a   Section        0  stm32f10x_tim.o(i.TIM_GetITStatus)
    i.TIM_ICInit                             0x08001abc   Section        0  stm32f10x_tim.o(i.TIM_ICInit)
    i.TIM_ITConfig                           0x08001b68   Section        0  stm32f10x_tim.o(i.TIM_ITConfig)
    i.TIM_SetIC1Prescaler                    0x08001b7a   Section        0  stm32f10x_tim.o(i.TIM_SetIC1Prescaler)
    i.TIM_SetIC2Prescaler                    0x08001b8c   Section        0  stm32f10x_tim.o(i.TIM_SetIC2Prescaler)
    i.TIM_SetIC3Prescaler                    0x08001ba6   Section        0  stm32f10x_tim.o(i.TIM_SetIC3Prescaler)
    i.TIM_SetIC4Prescaler                    0x08001bb8   Section        0  stm32f10x_tim.o(i.TIM_SetIC4Prescaler)
    i.TIM_TimeBaseInit                       0x08001bd4   Section        0  stm32f10x_tim.o(i.TIM_TimeBaseInit)
    i.Time                                   0x08001c78   Section        0  main.o(i.Time)
    i.UsageFault_Handler                     0x08001cec   Section        0  stm32f10x_it.o(i.UsageFault_Handler)
    i.__0vsprintf                            0x08001cf0   Section        0  printfa.o(i.__0vsprintf)
    i.__scatterload_copy                     0x08001d14   Section       14  handlers.o(i.__scatterload_copy)
    i.__scatterload_null                     0x08001d22   Section        2  handlers.o(i.__scatterload_null)
    i.__scatterload_zeroinit                 0x08001d24   Section       14  handlers.o(i.__scatterload_zeroinit)
    i._fp_digits                             0x08001d34   Section        0  printfa.o(i._fp_digits)
    _fp_digits                               0x08001d35   Thumb Code   366  printfa.o(i._fp_digits)
    i._printf_core                           0x08001eb8   Section        0  printfa.o(i._printf_core)
    _printf_core                             0x08001eb9   Thumb Code  1704  printfa.o(i._printf_core)
    i._printf_post_padding                   0x0800256c   Section        0  printfa.o(i._printf_post_padding)
    _printf_post_padding                     0x0800256d   Thumb Code    36  printfa.o(i._printf_post_padding)
    i._printf_pre_padding                    0x08002590   Section        0  printfa.o(i._printf_pre_padding)
    _printf_pre_padding                      0x08002591   Thumb Code    46  printfa.o(i._printf_pre_padding)
    i._sputc                                 0x080025be   Section        0  printfa.o(i._sputc)
    _sputc                                   0x080025bf   Thumb Code    10  printfa.o(i._sputc)
    i.ceil                                   0x080025c8   Section        0  ceil.o(i.ceil)
    i.delay                                  0x080026a4   Section        0  si2c.o(i.delay)
    i.i2c_write_bytes                        0x080026b4   Section        0  main.o(i.i2c_write_bytes)
    i.main                                   0x080026d0   Section        0  main.o(i.main)
    i.malloc                                 0x08002760   Section        0  malloc.o(i.malloc)
    i.my_oled_Init                           0x080027cc   Section        0  main.o(i.my_oled_Init)
    i.siic_init                              0x080027f8   Section        0  main.o(i.siic_init)
    i.unicode_2_glyph_idx                    0x0800281c   Section        0  oled.o(i.unicode_2_glyph_idx)
    unicode_2_glyph_idx                      0x0800281d   Thumb Code    54  oled.o(i.unicode_2_glyph_idx)
    .constdata                               0x08002854   Section     5168  oled.o(.constdata)
    default_font_GlyphBitmap_0020            0x08002854   Data           1  oled.o(.constdata)
    default_font_GlyphBitmap_0021            0x08002855   Data           7  oled.o(.constdata)
    default_font_GlyphBitmap_0022            0x0800285c   Data           3  oled.o(.constdata)
    default_font_GlyphBitmap_0023            0x0800285f   Data           7  oled.o(.constdata)
    default_font_GlyphBitmap_0024            0x08002866   Data           6  oled.o(.constdata)
    default_font_GlyphBitmap_0025            0x0800286c   Data           7  oled.o(.constdata)
    default_font_GlyphBitmap_0026            0x08002873   Data           7  oled.o(.constdata)
    default_font_GlyphBitmap_0027            0x0800287a   Data           3  oled.o(.constdata)
    default_font_GlyphBitmap_0028            0x0800287d   Data           7  oled.o(.constdata)
    default_font_GlyphBitmap_0029            0x08002884   Data           7  oled.o(.constdata)
    default_font_GlyphBitmap_002A            0x0800288b   Data           5  oled.o(.constdata)
    default_font_GlyphBitmap_002B            0x08002890   Data           5  oled.o(.constdata)
    default_font_GlyphBitmap_002C            0x08002895   Data           3  oled.o(.constdata)
    default_font_GlyphBitmap_002D            0x08002898   Data           1  oled.o(.constdata)
    default_font_GlyphBitmap_002E            0x08002899   Data           2  oled.o(.constdata)
    default_font_GlyphBitmap_002F            0x0800289b   Data           5  oled.o(.constdata)
    default_font_GlyphBitmap_0030            0x080028a0   Data           7  oled.o(.constdata)
    default_font_GlyphBitmap_0031            0x080028a7   Data           7  oled.o(.constdata)
    default_font_GlyphBitmap_0032            0x080028ae   Data           7  oled.o(.constdata)
    default_font_GlyphBitmap_0033            0x080028b5   Data           7  oled.o(.constdata)
    default_font_GlyphBitmap_0034            0x080028bc   Data           7  oled.o(.constdata)
    default_font_GlyphBitmap_0035            0x080028c3   Data           7  oled.o(.constdata)
    default_font_GlyphBitmap_0036            0x080028ca   Data           7  oled.o(.constdata)
    default_font_GlyphBitmap_0037            0x080028d1   Data           7  oled.o(.constdata)
    default_font_GlyphBitmap_0038            0x080028d8   Data           7  oled.o(.constdata)
    default_font_GlyphBitmap_0039            0x080028df   Data           7  oled.o(.constdata)
    default_font_GlyphBitmap_003A            0x080028e6   Data           5  oled.o(.constdata)
    default_font_GlyphBitmap_003B            0x080028eb   Data           6  oled.o(.constdata)
    default_font_GlyphBitmap_003C            0x080028f1   Data           7  oled.o(.constdata)
    default_font_GlyphBitmap_003D            0x080028f8   Data           3  oled.o(.constdata)
    default_font_GlyphBitmap_003E            0x080028fb   Data           7  oled.o(.constdata)
    default_font_GlyphBitmap_003F            0x08002902   Data           7  oled.o(.constdata)
    default_font_GlyphBitmap_0040            0x08002909   Data           7  oled.o(.constdata)
    default_font_GlyphBitmap_0041            0x08002910   Data           7  oled.o(.constdata)
    default_font_GlyphBitmap_0042            0x08002917   Data           7  oled.o(.constdata)
    default_font_GlyphBitmap_0043            0x0800291e   Data           7  oled.o(.constdata)
    default_font_GlyphBitmap_0044            0x08002925   Data           7  oled.o(.constdata)
    default_font_GlyphBitmap_0045            0x0800292c   Data           7  oled.o(.constdata)
    default_font_GlyphBitmap_0046            0x08002933   Data           7  oled.o(.constdata)
    default_font_GlyphBitmap_0047            0x0800293a   Data           7  oled.o(.constdata)
    default_font_GlyphBitmap_0048            0x08002941   Data           7  oled.o(.constdata)
    default_font_GlyphBitmap_0049            0x08002948   Data           7  oled.o(.constdata)
    default_font_GlyphBitmap_004A            0x0800294f   Data           7  oled.o(.constdata)
    default_font_GlyphBitmap_004B            0x08002956   Data           7  oled.o(.constdata)
    default_font_GlyphBitmap_004C            0x0800295d   Data           7  oled.o(.constdata)
    default_font_GlyphBitmap_004D            0x08002964   Data           7  oled.o(.constdata)
    default_font_GlyphBitmap_004E            0x0800296b   Data           7  oled.o(.constdata)
    default_font_GlyphBitmap_004F            0x08002972   Data           7  oled.o(.constdata)
    default_font_GlyphBitmap_0050            0x08002979   Data           7  oled.o(.constdata)
    default_font_GlyphBitmap_0051            0x08002980   Data           7  oled.o(.constdata)
    default_font_GlyphBitmap_0052            0x08002987   Data           7  oled.o(.constdata)
    default_font_GlyphBitmap_0053            0x0800298e   Data           7  oled.o(.constdata)
    default_font_GlyphBitmap_0054            0x08002995   Data           7  oled.o(.constdata)
    default_font_GlyphBitmap_0055            0x0800299c   Data           7  oled.o(.constdata)
    default_font_GlyphBitmap_0056            0x080029a3   Data           7  oled.o(.constdata)
    default_font_GlyphBitmap_0057            0x080029aa   Data           7  oled.o(.constdata)
    default_font_GlyphBitmap_0058            0x080029b1   Data           7  oled.o(.constdata)
    default_font_GlyphBitmap_0059            0x080029b8   Data           7  oled.o(.constdata)
    default_font_GlyphBitmap_005A            0x080029bf   Data           7  oled.o(.constdata)
    default_font_GlyphBitmap_005B            0x080029c6   Data           7  oled.o(.constdata)
    default_font_GlyphBitmap_005C            0x080029cd   Data           5  oled.o(.constdata)
    default_font_GlyphBitmap_005D            0x080029d2   Data           7  oled.o(.constdata)
    default_font_GlyphBitmap_005E            0x080029d9   Data           3  oled.o(.constdata)
    default_font_GlyphBitmap_005F            0x080029dc   Data           1  oled.o(.constdata)
    default_font_GlyphBitmap_0060            0x080029dd   Data           3  oled.o(.constdata)
    default_font_GlyphBitmap_0061            0x080029e0   Data           5  oled.o(.constdata)
    default_font_GlyphBitmap_0062            0x080029e5   Data           7  oled.o(.constdata)
    default_font_GlyphBitmap_0063            0x080029ec   Data           5  oled.o(.constdata)
    default_font_GlyphBitmap_0064            0x080029f1   Data           7  oled.o(.constdata)
    default_font_GlyphBitmap_0065            0x080029f8   Data           5  oled.o(.constdata)
    default_font_GlyphBitmap_0066            0x080029fd   Data           7  oled.o(.constdata)
    default_font_GlyphBitmap_0067            0x08002a04   Data           5  oled.o(.constdata)
    default_font_GlyphBitmap_0068            0x08002a09   Data           7  oled.o(.constdata)
    default_font_GlyphBitmap_0069            0x08002a10   Data           7  oled.o(.constdata)
    default_font_GlyphBitmap_006A            0x08002a17   Data           7  oled.o(.constdata)
    default_font_GlyphBitmap_006B            0x08002a1e   Data           7  oled.o(.constdata)
    default_font_GlyphBitmap_006C            0x08002a25   Data           7  oled.o(.constdata)
    default_font_GlyphBitmap_006D            0x08002a2c   Data           5  oled.o(.constdata)
    default_font_GlyphBitmap_006E            0x08002a31   Data           5  oled.o(.constdata)
    default_font_GlyphBitmap_006F            0x08002a36   Data           5  oled.o(.constdata)
    default_font_GlyphBitmap_0070            0x08002a3b   Data           5  oled.o(.constdata)
    default_font_GlyphBitmap_0071            0x08002a40   Data           6  oled.o(.constdata)
    default_font_GlyphBitmap_0072            0x08002a46   Data           5  oled.o(.constdata)
    default_font_GlyphBitmap_0073            0x08002a4b   Data           5  oled.o(.constdata)
    default_font_GlyphBitmap_0074            0x08002a50   Data           7  oled.o(.constdata)
    default_font_GlyphBitmap_0075            0x08002a57   Data           6  oled.o(.constdata)
    default_font_GlyphBitmap_0076            0x08002a5d   Data           5  oled.o(.constdata)
    default_font_GlyphBitmap_0077            0x08002a62   Data           5  oled.o(.constdata)
    default_font_GlyphBitmap_0078            0x08002a67   Data           5  oled.o(.constdata)
    default_font_GlyphBitmap_0079            0x08002a6c   Data           5  oled.o(.constdata)
    default_font_GlyphBitmap_007A            0x08002a71   Data           5  oled.o(.constdata)
    default_font_GlyphBitmap_007B            0x08002a76   Data           7  oled.o(.constdata)
    default_font_GlyphBitmap_007C            0x08002a7d   Data           7  oled.o(.constdata)
    default_font_GlyphBitmap_007D            0x08002a84   Data           7  oled.o(.constdata)
    default_font_GlyphBitmap_007E            0x08002a8b   Data           3  oled.o(.constdata)
    default_font_Map                         0x08002a90   Data         380  oled.o(.constdata)
    default_font_Glyphs                      0x08002c0c   Data        4180  oled.o(.constdata)
    .conststring                             0x08003c84   Section      773  oled.o(.conststring)
    .data                                    0x20000000   Section       16  main.o(.data)
    nct                                      0x20000000   Data           4  main.o(.data)
    last                                     0x20000004   Data           4  main.o(.data)
    lastCapture                              0x20000008   Data           2  main.o(.data)
    bitIndex                                 0x2000000a   Data           1  main.o(.data)
    irData                                   0x2000000c   Data           4  main.o(.data)
    .data                                    0x20000010   Section       20  stm32f10x_rcc.o(.data)
    APBAHBPrescTable                         0x20000010   Data          16  stm32f10x_rcc.o(.data)
    ADCPrescTable                            0x20000020   Data           4  stm32f10x_rcc.o(.data)
    .data                                    0x20000028   Section        9  delay.o(.data)
    delay_initialized_flag                   0x20000030   Data           1  delay.o(.data)
    .data                                    0x20000034   Section        4  mvars.o(.data)
    .data                                    0x20000038   Section        4  mvars.o(.data)
    .bss                                     0x2000003c   Section       56  main.o(.bss)
    HEAP                                     0x20000078   Section     4096  startup_stm32f10x_md.o(HEAP)
    STACK                                    0x20001078   Section     4096  startup_stm32f10x_md.o(STACK)

    Global Symbols

    Symbol Name                              Value     Ov Type        Size  Object(Section)

    BuildAttributes$$THM_ISAv4$P$D$K$B$S$PE$A:L22UL41UL21$X:L11$S22US41US21$IEEE1$IW$USESV6$~STKCKD$USESV7$~SHL$OTIME$ROPI$IEEEJ$EBA8$MICROLIB$REQ8$PRES8$EABIv2 0x00000000   Number         0  anon$$obj.o ABSOLUTE
    __ARM_use_no_argv                        0x00000000   Number         0  main.o ABSOLUTE
    __arm_fini_                               - Undefined Weak Reference
    __cpp_initialize__aeabi_                  - Undefined Weak Reference
    __cxa_finalize                            - Undefined Weak Reference
    __decompress                              - Undefined Weak Reference
    _clock_init                               - Undefined Weak Reference
    _microlib_exit                            - Undefined Weak Reference
    __Vectors_Size                           0x000000ec   Number         0  startup_stm32f10x_md.o ABSOLUTE
    __Vectors                                0x08000000   Data           4  startup_stm32f10x_md.o(RESET)
    __Vectors_End                            0x080000ec   Data           0  startup_stm32f10x_md.o(RESET)
    __main                                   0x080000ed   Thumb Code     0  entry.o(.ARM.Collect$$$$00000000)
    _main_stk                                0x080000ed   Thumb Code     0  entry2.o(.ARM.Collect$$$$00000001)
    _main_scatterload                        0x080000f1   Thumb Code     0  entry5.o(.ARM.Collect$$$$00000004)
    __main_after_scatterload                 0x080000f5   Thumb Code     0  entry5.o(.ARM.Collect$$$$00000004)
    _main_clock                              0x080000f5   Thumb Code     0  entry7b.o(.ARM.Collect$$$$00000008)
    _main_cpp_init                           0x080000f5   Thumb Code     0  entry8b.o(.ARM.Collect$$$$0000000A)
    _main_init                               0x080000f5   Thumb Code     0  entry9a.o(.ARM.Collect$$$$0000000B)
    __rt_lib_shutdown_fini                   0x080000fd   Thumb Code     0  entry12b.o(.ARM.Collect$$$$0000000E)
    __rt_final_cpp                           0x08000101   Thumb Code     0  entry10a.o(.ARM.Collect$$$$0000000F)
    __rt_final_exit                          0x08000101   Thumb Code     0  entry11a.o(.ARM.Collect$$$$00000011)
    Reset_Handler                            0x08000105   Thumb Code     8  startup_stm32f10x_md.o(.text)
    ADC1_2_IRQHandler                        0x0800011f   Thumb Code     0  startup_stm32f10x_md.o(.text)
    CAN1_RX1_IRQHandler                      0x0800011f   Thumb Code     0  startup_stm32f10x_md.o(.text)
    CAN1_SCE_IRQHandler                      0x0800011f   Thumb Code     0  startup_stm32f10x_md.o(.text)
    DMA1_Channel1_IRQHandler                 0x0800011f   Thumb Code     0  startup_stm32f10x_md.o(.text)
    DMA1_Channel2_IRQHandler                 0x0800011f   Thumb Code     0  startup_stm32f10x_md.o(.text)
    DMA1_Channel3_IRQHandler                 0x0800011f   Thumb Code     0  startup_stm32f10x_md.o(.text)
    DMA1_Channel4_IRQHandler                 0x0800011f   Thumb Code     0  startup_stm32f10x_md.o(.text)
    DMA1_Channel5_IRQHandler                 0x0800011f   Thumb Code     0  startup_stm32f10x_md.o(.text)
    DMA1_Channel6_IRQHandler                 0x0800011f   Thumb Code     0  startup_stm32f10x_md.o(.text)
    DMA1_Channel7_IRQHandler                 0x0800011f   Thumb Code     0  startup_stm32f10x_md.o(.text)
    EXTI0_IRQHandler                         0x0800011f   Thumb Code     0  startup_stm32f10x_md.o(.text)
    EXTI15_10_IRQHandler                     0x0800011f   Thumb Code     0  startup_stm32f10x_md.o(.text)
    EXTI1_IRQHandler                         0x0800011f   Thumb Code     0  startup_stm32f10x_md.o(.text)
    EXTI2_IRQHandler                         0x0800011f   Thumb Code     0  startup_stm32f10x_md.o(.text)
    EXTI3_IRQHandler                         0x0800011f   Thumb Code     0  startup_stm32f10x_md.o(.text)
    EXTI4_IRQHandler                         0x0800011f   Thumb Code     0  startup_stm32f10x_md.o(.text)
    EXTI9_5_IRQHandler                       0x0800011f   Thumb Code     0  startup_stm32f10x_md.o(.text)
    FLASH_IRQHandler                         0x0800011f   Thumb Code     0  startup_stm32f10x_md.o(.text)
    I2C1_ER_IRQHandler                       0x0800011f   Thumb Code     0  startup_stm32f10x_md.o(.text)
    I2C1_EV_IRQHandler                       0x0800011f   Thumb Code     0  startup_stm32f10x_md.o(.text)
    I2C2_ER_IRQHandler                       0x0800011f   Thumb Code     0  startup_stm32f10x_md.o(.text)
    I2C2_EV_IRQHandler                       0x0800011f   Thumb Code     0  startup_stm32f10x_md.o(.text)
    PVD_IRQHandler                           0x0800011f   Thumb Code     0  startup_stm32f10x_md.o(.text)
    RCC_IRQHandler                           0x0800011f   Thumb Code     0  startup_stm32f10x_md.o(.text)
    RTCAlarm_IRQHandler                      0x0800011f   Thumb Code     0  startup_stm32f10x_md.o(.text)
    RTC_IRQHandler                           0x0800011f   Thumb Code     0  startup_stm32f10x_md.o(.text)
    SPI1_IRQHandler                          0x0800011f   Thumb Code     0  startup_stm32f10x_md.o(.text)
    SPI2_IRQHandler                          0x0800011f   Thumb Code     0  startup_stm32f10x_md.o(.text)
    TAMPER_IRQHandler                        0x0800011f   Thumb Code     0  startup_stm32f10x_md.o(.text)
    TIM1_BRK_IRQHandler                      0x0800011f   Thumb Code     0  startup_stm32f10x_md.o(.text)
    TIM1_TRG_COM_IRQHandler                  0x0800011f   Thumb Code     0  startup_stm32f10x_md.o(.text)
    TIM1_UP_IRQHandler                       0x0800011f   Thumb Code     0  startup_stm32f10x_md.o(.text)
    TIM2_IRQHandler                          0x0800011f   Thumb Code     0  startup_stm32f10x_md.o(.text)
    TIM3_IRQHandler                          0x0800011f   Thumb Code     0  startup_stm32f10x_md.o(.text)
    TIM4_IRQHandler                          0x0800011f   Thumb Code     0  startup_stm32f10x_md.o(.text)
    USART1_IRQHandler                        0x0800011f   Thumb Code     0  startup_stm32f10x_md.o(.text)
    USART2_IRQHandler                        0x0800011f   Thumb Code     0  startup_stm32f10x_md.o(.text)
    USART3_IRQHandler                        0x0800011f   Thumb Code     0  startup_stm32f10x_md.o(.text)
    USBWakeUp_IRQHandler                     0x0800011f   Thumb Code     0  startup_stm32f10x_md.o(.text)
    USB_HP_CAN1_TX_IRQHandler                0x0800011f   Thumb Code     0  startup_stm32f10x_md.o(.text)
    USB_LP_CAN1_RX0_IRQHandler               0x0800011f   Thumb Code     0  startup_stm32f10x_md.o(.text)
    WWDG_IRQHandler                          0x0800011f   Thumb Code     0  startup_stm32f10x_md.o(.text)
    __aeabi_memset                           0x08000129   Thumb Code    14  memseta.o(.text)
    __aeabi_memset4                          0x08000129   Thumb Code     0  memseta.o(.text)
    __aeabi_memset8                          0x08000129   Thumb Code     0  memseta.o(.text)
    __aeabi_memclr                           0x08000137   Thumb Code     4  memseta.o(.text)
    __aeabi_memclr4                          0x08000137   Thumb Code     0  memseta.o(.text)
    __aeabi_memclr8                          0x08000137   Thumb Code     0  memseta.o(.text)
    _memset$wrapper                          0x0800013b   Thumb Code    18  memseta.o(.text)
    __aeabi_dadd                             0x0800014d   Thumb Code   322  dadd.o(.text)
    __aeabi_dsub                             0x0800028f   Thumb Code     6  dadd.o(.text)
    __aeabi_drsub                            0x08000295   Thumb Code     6  dadd.o(.text)
    __aeabi_dmul                             0x0800029b   Thumb Code   228  dmul.o(.text)
    __aeabi_ddiv                             0x0800037f   Thumb Code   222  ddiv.o(.text)
    __aeabi_ui2d                             0x0800045d   Thumb Code    26  dfltui.o(.text)
    __aeabi_d2uiz                            0x08000477   Thumb Code    50  dfixui.o(.text)
    __aeabi_uidiv                            0x080004a9   Thumb Code     0  uidiv.o(.text)
    __aeabi_uidivmod                         0x080004a9   Thumb Code    44  uidiv.o(.text)
    __aeabi_uldivmod                         0x080004d5   Thumb Code    98  uldiv.o(.text)
    __aeabi_llsl                             0x08000537   Thumb Code    30  llshl.o(.text)
    _ll_shift_l                              0x08000537   Thumb Code     0  llshl.o(.text)
    __aeabi_llsr                             0x08000555   Thumb Code    32  llushr.o(.text)
    _ll_ushift_r                             0x08000555   Thumb Code     0  llushr.o(.text)
    __aeabi_lasr                             0x08000575   Thumb Code    36  llsshr.o(.text)
    _ll_sshift_r                             0x08000575   Thumb Code     0  llsshr.o(.text)
    __I$use$fp                               0x08000599   Thumb Code     0  iusefp.o(.text)
    _double_round                            0x08000599   Thumb Code    30  depilogue.o(.text)
    _double_epilogue                         0x080005b7   Thumb Code   156  depilogue.o(.text)
    __aeabi_d2ulz                            0x08000653   Thumb Code    48  dfixul.o(.text)
    __aeabi_cdrcmple                         0x08000685   Thumb Code    48  cdrcmple.o(.text)
    __scatterload                            0x080006b5   Thumb Code    28  init.o(.text)
    __scatterload_rt2                        0x080006b5   Thumb Code     0  init.o(.text)
    BusFault_Handler                         0x080007a3   Thumb Code     4  stm32f10x_it.o(i.BusFault_Handler)
    DebugMon_Handler                         0x080007a7   Thumb Code     2  stm32f10x_it.o(i.DebugMon_Handler)
    Delay                                    0x080007a9   Thumb Code    36  delay.o(i.Delay)
    Delay_Init                               0x080007d1   Thumb Code   154  delay.o(i.Delay_Init)
    GPIO_Init                                0x08000b33   Thumb Code   278  stm32f10x_gpio.o(i.GPIO_Init)
    GPIO_ReadInputDataBit                    0x08000c49   Thumb Code    18  stm32f10x_gpio.o(i.GPIO_ReadInputDataBit)
    GPIO_WriteBit                            0x08000c5b   Thumb Code    10  stm32f10x_gpio.o(i.GPIO_WriteBit)
    HWIO                                     0x08000d31   Thumb Code    32  main.o(i.HWIO)
    HardFault_Handler                        0x08000d55   Thumb Code     4  stm32f10x_it.o(i.HardFault_Handler)
    MemManage_Handler                        0x08000d59   Thumb Code     4  stm32f10x_it.o(i.MemManage_Handler)
    My_SI2C_Init                             0x08000d5d   Thumb Code   218  si2c.o(i.My_SI2C_Init)
    My_SI2C_SendBytes                        0x08000e49   Thumb Code   118  si2c.o(i.My_SI2C_SendBytes)
    NMI_Handler                              0x08000ebf   Thumb Code     2  stm32f10x_it.o(i.NMI_Handler)
    NV                                       0x08000ec1   Thumb Code    32  main.o(i.NV)
    NVIC_Init                                0x08000ee1   Thumb Code   100  misc.o(i.NVIC_Init)
    OLED_Clear                               0x08000f51   Thumb Code    16  oled.o(i.OLED_Clear)
    OLED_DrawString                          0x08000f61   Thumb Code   304  oled.o(i.OLED_DrawString)
    OLED_Init                                0x08001091   Thumb Code   454  oled.o(i.OLED_Init)
    OLED_Printf                              0x0800125d   Thumb Code    42  oled.o(i.OLED_Printf)
    OLED_SendBuffer                          0x08001287   Thumb Code   118  oled.o(i.OLED_SendBuffer)
    OLED_SetBrush                            0x0800136f   Thumb Code     4  oled.o(i.OLED_SetBrush)
    OLED_SetCursor                           0x08001373   Thumb Code     6  oled.o(i.OLED_SetCursor)
    OLED_SetPen                              0x08001379   Thumb Code     6  oled.o(i.OLED_SetPen)
    PendSV_Handler                           0x0800141f   Thumb Code     2  stm32f10x_it.o(i.PendSV_Handler)
    RCC_APB2PeriphClockCmd                   0x08001421   Thumb Code    26  stm32f10x_rcc.o(i.RCC_APB2PeriphClockCmd)
    RCC_GetClocksFreq                        0x08001441   Thumb Code   192  stm32f10x_rcc.o(i.RCC_GetClocksFreq)
    SVC_Handler                              0x08001515   Thumb Code     2  stm32f10x_it.o(i.SVC_Handler)
    SysTick_Handler                          0x080016cd   Thumb Code    20  stm32f10x_it.o(i.SysTick_Handler)
    SystemInit                               0x080016e5   Thumb Code    78  system_stm32f10x.o(i.SystemInit)
    TIM1_CC_IRQHandler                       0x08001985   Thumb Code   214  main.o(i.TIM1_CC_IRQHandler)
    TIM_ClearFlag                            0x08001a71   Thumb Code     6  stm32f10x_tim.o(i.TIM_ClearFlag)
    TIM_ClearITPendingBit                    0x08001a77   Thumb Code     6  stm32f10x_tim.o(i.TIM_ClearITPendingBit)
    TIM_Cmd                                  0x08001a7d   Thumb Code    24  stm32f10x_tim.o(i.TIM_Cmd)
    TIM_GetCapture1                          0x08001a95   Thumb Code     6  stm32f10x_tim.o(i.TIM_GetCapture1)
    TIM_GetITStatus                          0x08001a9b   Thumb Code    34  stm32f10x_tim.o(i.TIM_GetITStatus)
    TIM_ICInit                               0x08001abd   Thumb Code   150  stm32f10x_tim.o(i.TIM_ICInit)
    TIM_ITConfig                             0x08001b69   Thumb Code    18  stm32f10x_tim.o(i.TIM_ITConfig)
    TIM_SetIC1Prescaler                      0x08001b7b   Thumb Code    18  stm32f10x_tim.o(i.TIM_SetIC1Prescaler)
    TIM_SetIC2Prescaler                      0x08001b8d   Thumb Code    26  stm32f10x_tim.o(i.TIM_SetIC2Prescaler)
    TIM_SetIC3Prescaler                      0x08001ba7   Thumb Code    18  stm32f10x_tim.o(i.TIM_SetIC3Prescaler)
    TIM_SetIC4Prescaler                      0x08001bb9   Thumb Code    26  stm32f10x_tim.o(i.TIM_SetIC4Prescaler)
    TIM_TimeBaseInit                         0x08001bd5   Thumb Code   122  stm32f10x_tim.o(i.TIM_TimeBaseInit)
    Time                                     0x08001c79   Thumb Code   112  main.o(i.Time)
    UsageFault_Handler                       0x08001ced   Thumb Code     4  stm32f10x_it.o(i.UsageFault_Handler)
    __0vsprintf                              0x08001cf1   Thumb Code    30  printfa.o(i.__0vsprintf)
    __1vsprintf                              0x08001cf1   Thumb Code     0  printfa.o(i.__0vsprintf)
    __2vsprintf                              0x08001cf1   Thumb Code     0  printfa.o(i.__0vsprintf)
    __c89vsprintf                            0x08001cf1   Thumb Code     0  printfa.o(i.__0vsprintf)
    vsprintf                                 0x08001cf1   Thumb Code     0  printfa.o(i.__0vsprintf)
    __scatterload_copy                       0x08001d15   Thumb Code    14  handlers.o(i.__scatterload_copy)
    __scatterload_null                       0x08001d23   Thumb Code     2  handlers.o(i.__scatterload_null)
    __scatterload_zeroinit                   0x08001d25   Thumb Code    14  handlers.o(i.__scatterload_zeroinit)
    ceil                                     0x080025c9   Thumb Code   204  ceil.o(i.ceil)
    delay                                    0x080026a5   Thumb Code    14  si2c.o(i.delay)
    i2c_write_bytes                          0x080026b5   Thumb Code    22  main.o(i.i2c_write_bytes)
    main                                     0x080026d1   Thumb Code   114  main.o(i.main)
    malloc                                   0x08002761   Thumb Code    92  malloc.o(i.malloc)
    my_oled_Init                             0x080027cd   Thumb Code    34  main.o(i.my_oled_Init)
    siic_init                                0x080027f9   Thumb Code    28  main.o(i.siic_init)
    default_font                             0x08003c60   Data          36  oled.o(.constdata)
    Region$$Table$$Base                      0x08003f8c   Number         0  anon$$obj.o(Region$$Table)
    Region$$Table$$Limit                     0x08003fac   Number         0  anon$$obj.o(Region$$Table)
    ulTicks                                  0x20000028   Data           8  delay.o(.data)
    __microlib_freelist                      0x20000034   Data           4  mvars.o(.data)
    __microlib_freelist_initialised          0x20000038   Data           4  mvars.o(.data)
    si2c                                     0x2000003c   Data          16  main.o(.bss)
    oled                                     0x2000004c   Data          40  main.o(.bss)
    __heap_base                              0x20000078   Data           0  startup_stm32f10x_md.o(HEAP)
    __heap_limit                             0x20001078   Data           0  startup_stm32f10x_md.o(HEAP)
    __initial_sp                             0x20002078   Data           0  startup_stm32f10x_md.o(STACK)



==============================================================================

Memory Map of the image

  Image Entry point : 0x080000ed

  Load Region LR_IROM1 (Base: 0x08000000, Size: 0x00003fe8, Max: 0x00010000, ABSOLUTE)

    Execution Region ER_IROM1 (Exec base: 0x08000000, Load base: 0x08000000, Size: 0x00003fac, Max: 0x00010000, ABSOLUTE)

    Exec Addr    Load Addr    Size         Type   Attr      Idx    E Section Name        Object

    0x08000000   0x08000000   0x000000ec   Data   RO          303    RESET               startup_stm32f10x_md.o
    0x080000ec   0x080000ec   0x00000000   Code   RO         4165  * .ARM.Collect$$$$00000000  mc_w.l(entry.o)
    0x080000ec   0x080000ec   0x00000004   Code   RO         4242    .ARM.Collect$$$$00000001  mc_w.l(entry2.o)
    0x080000f0   0x080000f0   0x00000004   Code   RO         4245    .ARM.Collect$$$$00000004  mc_w.l(entry5.o)
    0x080000f4   0x080000f4   0x00000000   Code   RO         4247    .ARM.Collect$$$$00000008  mc_w.l(entry7b.o)
    0x080000f4   0x080000f4   0x00000000   Code   RO         4249    .ARM.Collect$$$$0000000A  mc_w.l(entry8b.o)
    0x080000f4   0x080000f4   0x00000008   Code   RO         4250    .ARM.Collect$$$$0000000B  mc_w.l(entry9a.o)
    0x080000fc   0x080000fc   0x00000004   Code   RO         4257    .ARM.Collect$$$$0000000E  mc_w.l(entry12b.o)
    0x08000100   0x08000100   0x00000000   Code   RO         4252    .ARM.Collect$$$$0000000F  mc_w.l(entry10a.o)
    0x08000100   0x08000100   0x00000000   Code   RO         4254    .ARM.Collect$$$$00000011  mc_w.l(entry11a.o)
    0x08000100   0x08000100   0x00000004   Code   RO         4243    .ARM.Collect$$$$00002712  mc_w.l(entry2.o)
    0x08000104   0x08000104   0x00000024   Code   RO          304    .text               startup_stm32f10x_md.o
    0x08000128   0x08000128   0x00000024   Code   RO         4168    .text               mc_w.l(memseta.o)
    0x0800014c   0x0800014c   0x0000014e   Code   RO         4228    .text               mf_w.l(dadd.o)
    0x0800029a   0x0800029a   0x000000e4   Code   RO         4230    .text               mf_w.l(dmul.o)
    0x0800037e   0x0800037e   0x000000de   Code   RO         4232    .text               mf_w.l(ddiv.o)
    0x0800045c   0x0800045c   0x0000001a   Code   RO         4236    .text               mf_w.l(dfltui.o)
    0x08000476   0x08000476   0x00000032   Code   RO         4240    .text               mf_w.l(dfixui.o)
    0x080004a8   0x080004a8   0x0000002c   Code   RO         4261    .text               mc_w.l(uidiv.o)
    0x080004d4   0x080004d4   0x00000062   Code   RO         4263    .text               mc_w.l(uldiv.o)
    0x08000536   0x08000536   0x0000001e   Code   RO         4265    .text               mc_w.l(llshl.o)
    0x08000554   0x08000554   0x00000020   Code   RO         4267    .text               mc_w.l(llushr.o)
    0x08000574   0x08000574   0x00000024   Code   RO         4269    .text               mc_w.l(llsshr.o)
    0x08000598   0x08000598   0x00000000   Code   RO         4277    .text               mc_w.l(iusefp.o)
    0x08000598   0x08000598   0x000000ba   Code   RO         4278    .text               mf_w.l(depilogue.o)
    0x08000652   0x08000652   0x00000030   Code   RO         4282    .text               mf_w.l(dfixul.o)
    0x08000682   0x08000682   0x00000002   PAD
    0x08000684   0x08000684   0x00000030   Code   RO         4286    .text               mf_w.l(cdrcmple.o)
    0x080006b4   0x080006b4   0x00000024   Code   RO         4288    .text               mc_w.l(init.o)
    0x080006d8   0x080006d8   0x000000ca   Code   RO         3768    i.BrushDot          oled.o
    0x080007a2   0x080007a2   0x00000004   Code   RO          228    i.BusFault_Handler  stm32f10x_it.o
    0x080007a6   0x080007a6   0x00000002   Code   RO          229    i.DebugMon_Handler  stm32f10x_it.o
    0x080007a8   0x080007a8   0x00000028   Code   RO         3554    i.Delay             delay.o
    0x080007d0   0x080007d0   0x000000a8   Code   RO         3555    i.Delay_Init        delay.o
    0x08000878   0x08000878   0x000000b8   Code   RO         3769    i.DrawBitmapEx      oled.o
    0x08000930   0x08000930   0x000001ba   Code   RO         3770    i.DrawCharator      oled.o
    0x08000aea   0x08000aea   0x00000048   Code   RO         3774    i.FillRect          oled.o
    0x08000b32   0x08000b32   0x00000116   Code   RO         1606    i.GPIO_Init         stm32f10x_gpio.o
    0x08000c48   0x08000c48   0x00000012   Code   RO         1610    i.GPIO_ReadInputDataBit  stm32f10x_gpio.o
    0x08000c5a   0x08000c5a   0x0000000a   Code   RO         1617    i.GPIO_WriteBit     stm32f10x_gpio.o
    0x08000c64   0x08000c64   0x000000ca   Code   RO         3776    i.GetOverlappedRect  oled.o
    0x08000d2e   0x08000d2e   0x00000002   PAD
    0x08000d30   0x08000d30   0x00000024   Code   RO            4    i.HWIO              main.o
    0x08000d54   0x08000d54   0x00000004   Code   RO          230    i.HardFault_Handler  stm32f10x_it.o
    0x08000d58   0x08000d58   0x00000004   Code   RO          231    i.MemManage_Handler  stm32f10x_it.o
    0x08000d5c   0x08000d5c   0x000000ec   Code   RO         3708    i.My_SI2C_Init      si2c.o
    0x08000e48   0x08000e48   0x00000076   Code   RO         3710    i.My_SI2C_SendBytes  si2c.o
    0x08000ebe   0x08000ebe   0x00000002   Code   RO          232    i.NMI_Handler       stm32f10x_it.o
    0x08000ec0   0x08000ec0   0x00000020   Code   RO            5    i.NV                main.o
    0x08000ee0   0x08000ee0   0x00000070   Code   RO          311    i.NVIC_Init         misc.o
    0x08000f50   0x08000f50   0x00000010   Code   RO         3777    i.OLED_Clear        oled.o
    0x08000f60   0x08000f60   0x00000130   Code   RO         3783    i.OLED_DrawString   oled.o
    0x08001090   0x08001090   0x000001cc   Code   RO         3792    i.OLED_Init         oled.o
    0x0800125c   0x0800125c   0x0000002a   Code   RO         3797    i.OLED_Printf       oled.o
    0x08001286   0x08001286   0x00000076   Code   RO         3798    i.OLED_SendBuffer   oled.o
    0x080012fc   0x080012fc   0x00000042   Code   RO         3799    i.OLED_SendCommand  oled.o
    0x0800133e   0x0800133e   0x00000030   Code   RO         3800    i.OLED_SendData     oled.o
    0x0800136e   0x0800136e   0x00000004   Code   RO         3801    i.OLED_SetBrush     oled.o
    0x08001372   0x08001372   0x00000006   Code   RO         3802    i.OLED_SetCursor    oled.o
    0x08001378   0x08001378   0x00000006   Code   RO         3806    i.OLED_SetPen       oled.o
    0x0800137e   0x0800137e   0x000000a0   Code   RO         3812    i.PenDot            oled.o
    0x0800141e   0x0800141e   0x00000002   Code   RO          233    i.PendSV_Handler    stm32f10x_it.o
    0x08001420   0x08001420   0x00000020   Code   RO         2072    i.RCC_APB2PeriphClockCmd  stm32f10x_rcc.o
    0x08001440   0x08001440   0x000000d4   Code   RO         2080    i.RCC_GetClocksFreq  stm32f10x_rcc.o
    0x08001514   0x08001514   0x00000002   Code   RO          234    i.SVC_Handler       stm32f10x_it.o
    0x08001516   0x08001516   0x00000086   Code   RO         3712    i.SendByte          si2c.o
    0x0800159c   0x0800159c   0x00000046   Code   RO         3713    i.SendStop          si2c.o
    0x080015e2   0x080015e2   0x00000008   Code   RO          182    i.SetSysClock       system_stm32f10x.o
    0x080015ea   0x080015ea   0x00000002   PAD
    0x080015ec   0x080015ec   0x000000e0   Code   RO          183    i.SetSysClockTo72   system_stm32f10x.o
    0x080016cc   0x080016cc   0x00000018   Code   RO          235    i.SysTick_Handler   stm32f10x_it.o
    0x080016e4   0x080016e4   0x00000060   Code   RO          185    i.SystemInit        system_stm32f10x.o
    0x08001744   0x08001744   0x00000080   Code   RO         2736    i.TI1_Config        stm32f10x_tim.o
    0x080017c4   0x080017c4   0x00000098   Code   RO         2737    i.TI2_Config        stm32f10x_tim.o
    0x0800185c   0x0800185c   0x00000090   Code   RO         2738    i.TI3_Config        stm32f10x_tim.o
    0x080018ec   0x080018ec   0x00000098   Code   RO         2739    i.TI4_Config        stm32f10x_tim.o
    0x08001984   0x08001984   0x000000ec   Code   RO            6    i.TIM1_CC_IRQHandler  main.o
    0x08001a70   0x08001a70   0x00000006   Code   RO         2746    i.TIM_ClearFlag     stm32f10x_tim.o
    0x08001a76   0x08001a76   0x00000006   Code   RO         2747    i.TIM_ClearITPendingBit  stm32f10x_tim.o
    0x08001a7c   0x08001a7c   0x00000018   Code   RO         2752    i.TIM_Cmd           stm32f10x_tim.o
    0x08001a94   0x08001a94   0x00000006   Code   RO         2767    i.TIM_GetCapture1   stm32f10x_tim.o
    0x08001a9a   0x08001a9a   0x00000022   Code   RO         2773    i.TIM_GetITStatus   stm32f10x_tim.o
    0x08001abc   0x08001abc   0x000000ac   Code   RO         2775    i.TIM_ICInit        stm32f10x_tim.o
    0x08001b68   0x08001b68   0x00000012   Code   RO         2777    i.TIM_ITConfig      stm32f10x_tim.o
    0x08001b7a   0x08001b7a   0x00000012   Code   RO         2818    i.TIM_SetIC1Prescaler  stm32f10x_tim.o
    0x08001b8c   0x08001b8c   0x0000001a   Code   RO         2819    i.TIM_SetIC2Prescaler  stm32f10x_tim.o
    0x08001ba6   0x08001ba6   0x00000012   Code   RO         2820    i.TIM_SetIC3Prescaler  stm32f10x_tim.o
    0x08001bb8   0x08001bb8   0x0000001a   Code   RO         2821    i.TIM_SetIC4Prescaler  stm32f10x_tim.o
    0x08001bd2   0x08001bd2   0x00000002   PAD
    0x08001bd4   0x08001bd4   0x000000a4   Code   RO         2823    i.TIM_TimeBaseInit  stm32f10x_tim.o
    0x08001c78   0x08001c78   0x00000074   Code   RO            7    i.Time              main.o
    0x08001cec   0x08001cec   0x00000004   Code   RO          236    i.UsageFault_Handler  stm32f10x_it.o
    0x08001cf0   0x08001cf0   0x00000024   Code   RO         4179    i.__0vsprintf       mc_w.l(printfa.o)
    0x08001d14   0x08001d14   0x0000000e   Code   RO         4294    i.__scatterload_copy  mc_w.l(handlers.o)
    0x08001d22   0x08001d22   0x00000002   Code   RO         4295    i.__scatterload_null  mc_w.l(handlers.o)
    0x08001d24   0x08001d24   0x0000000e   Code   RO         4296    i.__scatterload_zeroinit  mc_w.l(handlers.o)
    0x08001d32   0x08001d32   0x00000002   PAD
    0x08001d34   0x08001d34   0x00000184   Code   RO         4180    i._fp_digits        mc_w.l(printfa.o)
    0x08001eb8   0x08001eb8   0x000006b4   Code   RO         4181    i._printf_core      mc_w.l(printfa.o)
    0x0800256c   0x0800256c   0x00000024   Code   RO         4182    i._printf_post_padding  mc_w.l(printfa.o)
    0x08002590   0x08002590   0x0000002e   Code   RO         4183    i._printf_pre_padding  mc_w.l(printfa.o)
    0x080025be   0x080025be   0x0000000a   Code   RO         4185    i._sputc            mc_w.l(printfa.o)
    0x080025c8   0x080025c8   0x000000dc   Code   RO         4160    i.ceil              m_ws.l(ceil.o)
    0x080026a4   0x080026a4   0x0000000e   Code   RO         3714    i.delay             si2c.o
    0x080026b2   0x080026b2   0x00000002   PAD
    0x080026b4   0x080026b4   0x0000001c   Code   RO            8    i.i2c_write_bytes   main.o
    0x080026d0   0x080026d0   0x00000090   Code   RO            9    i.main              main.o
    0x08002760   0x08002760   0x0000006c   Code   RO         4201    i.malloc            mc_w.l(malloc.o)
    0x080027cc   0x080027cc   0x0000002c   Code   RO           10    i.my_oled_Init      main.o
    0x080027f8   0x080027f8   0x00000024   Code   RO           11    i.siic_init         main.o
    0x0800281c   0x0800281c   0x00000036   Code   RO         3813    i.unicode_2_glyph_idx  oled.o
    0x08002852   0x08002852   0x00000002   PAD
    0x08002854   0x08002854   0x00001430   Data   RO         3814    .constdata          oled.o
    0x08003c84   0x08003c84   0x00000305   Data   RO         3815    .conststring        oled.o
    0x08003f89   0x08003f89   0x00000003   PAD
    0x08003f8c   0x08003f8c   0x00000020   Data   RO         4292    Region$$Table       anon$$obj.o


    Execution Region RW_IRAM1 (Exec base: 0x20000000, Load base: 0x08003fac, Size: 0x00002078, Max: 0x00005000, ABSOLUTE)

    Exec Addr    Load Addr    Size         Type   Attr      Idx    E Section Name        Object

    0x20000000   0x08003fac   0x00000010   Data   RW           13    .data               main.o
    0x20000010   0x08003fbc   0x00000014   Data   RW         2100    .data               stm32f10x_rcc.o
    0x20000024   0x08003fd0   0x00000004   PAD
    0x20000028   0x08003fd4   0x00000009   Data   RW         3557    .data               delay.o
    0x20000031   0x08003fdd   0x00000003   PAD
    0x20000034   0x08003fe0   0x00000004   Data   RW         4275    .data               mc_w.l(mvars.o)
    0x20000038   0x08003fe4   0x00000004   Data   RW         4276    .data               mc_w.l(mvars.o)
    0x2000003c        -       0x00000038   Zero   RW           12    .bss                main.o
    0x20000074   0x08003fe8   0x00000004   PAD
    0x20000078        -       0x00001000   Zero   RW          302    HEAP                startup_stm32f10x_md.o
    0x20001078        -       0x00001000   Zero   RW          301    STACK               startup_stm32f10x_md.o


==============================================================================

Image component sizes


      Code (inc. data)   RO Data    RW Data    ZI Data      Debug   Object Name

       208         18          0          9          0       1651   delay.o
       672         84          0         16         56     254895   main.o
       112         12          0          0          0       1088   misc.o
      2386         10       5941          0          0      20149   oled.o
       572         18          0          0          0       4007   si2c.o
        36          8        236          0       8192        768   startup_stm32f10x_md.o
       306          0          0          0          0       3176   stm32f10x_gpio.o
        48          4          0          0          0       3574   stm32f10x_it.o
       244         26          0         20          0       3881   stm32f10x_rcc.o
      1094        150          0          0          0      10253   stm32f10x_tim.o
       328         28          0          0          0       1873   system_stm32f10x.o
         0          0          0          0          0        632   usart.o

    ----------------------------------------------------------------------
      6016        358       6212         52       8252     305947   Object Totals
         0          0         32          0          0          0   (incl. Generated)
        10          0          3          7          4          0   (incl. Padding)

    ----------------------------------------------------------------------

      Code (inc. data)   RO Data    RW Data    ZI Data      Debug   Library Member Name

       220         16          0          0          0         84   ceil.o
         0          0          0          0          0          0   entry.o
         0          0          0          0          0          0   entry10a.o
         0          0          0          0          0          0   entry11a.o
         4          0          0          0          0          0   entry12b.o
         8          4          0          0          0          0   entry2.o
         4          0          0          0          0          0   entry5.o
         0          0          0          0          0          0   entry7b.o
         0          0          0          0          0          0   entry8b.o
         8          4          0          0          0          0   entry9a.o
        30          0          0          0          0          0   handlers.o
        36          8          0          0          0         68   init.o
         0          0          0          0          0          0   iusefp.o
        30          0          0          0          0         68   llshl.o
        36          0          0          0          0         68   llsshr.o
        32          0          0          0          0         68   llushr.o
       108         16          0          0          0         84   malloc.o
        36          0          0          0          0        108   memseta.o
         0          0          0          8          0          0   mvars.o
      2232         86          0          0          0        528   printfa.o
        44          0          0          0          0         80   uidiv.o
        98          0          0          0          0         92   uldiv.o
        48          0          0          0          0         68   cdrcmple.o
       334          0          0          0          0        148   dadd.o
       222          0          0          0          0        100   ddiv.o
       186          0          0          0          0        176   depilogue.o
        50          0          0          0          0         76   dfixui.o
        48          0          0          0          0         68   dfixul.o
        26          0          0          0          0         76   dfltui.o
       228          0          0          0          0         96   dmul.o

    ----------------------------------------------------------------------
      4072        134          0          8          0       2056   Library Totals
         4          0          0          0          0          0   (incl. Padding)

    ----------------------------------------------------------------------

      Code (inc. data)   RO Data    RW Data    ZI Data      Debug   Library Name

       220         16          0          0          0         84   m_ws.l
      2706        118          0          8          0       1164   mc_w.l
      1142          0          0          0          0        808   mf_w.l

    ----------------------------------------------------------------------
      4072        134          0          8          0       2056   Library Totals

    ----------------------------------------------------------------------

==============================================================================


      Code (inc. data)   RO Data    RW Data    ZI Data      Debug   

     10088        492       6212         60       8252     303787   Grand Totals
     10088        492       6212         60       8252     303787   ELF Image Totals
     10088        492       6212         60          0          0   ROM Totals

==============================================================================

    Total RO  Size (Code + RO Data)                16300 (  15.92kB)
    Total RW  Size (RW Data + ZI Data)              8312 (   8.12kB)
    Total ROM Size (Code + RO Data + RW Data)      16360 (  15.98kB)

==============================================================================

